warning: constant `ERC20_BRIDGE_FINALIZED` is never used
  --> moved/src/move_execution/deposited.rs:40:7
   |
40 | const ERC20_BRIDGE_FINALIZED: B256 = B256::new(hex!(
   |       ^^^^^^^^^^^^^^^^^^^^^^
   |
   = note: `#[warn(dead_code)]` on by default

warning: constant `ERC20_BRIDGE_INITIATED` is never used
  --> moved/src/move_execution/deposited.rs:44:7
   |
44 | const ERC20_BRIDGE_INITIATED: B256 = B256::new(hex!(
   |       ^^^^^^^^^^^^^^^^^^^^^^

warning: `moved` (lib) generated 2 warnings
   Compiling moved-server v0.1.0 (/home/ilchu/code/op-move/server)
warning: `moved` (lib test) generated 2 warnings (2 duplicates)
warning: unused imports: `PeerId`, `SignableTransaction`, `TransactionReceipt`, `TxEip1559`, `TxEnvelope`, `TxKind`, and `rlp::Encodable`
  --> server/src/tests/integration.rs:3:21
   |
3  |         consensus::{SignableTransaction, TxEip1559, TxEnvelope},
   |                     ^^^^^^^^^^^^^^^^^^^  ^^^^^^^^^  ^^^^^^^^^^
...
7  |         primitives::{address, utils::parse_ether, Address, TxKind, B256, U256},
   |                                                            ^^^^^^
8  |         providers::{Provider, ProviderBuilder, WalletProvider},
9  |         rlp::Encodable,
   |         ^^^^^^^^^^^^^^
10 |         rpc::types::{eth::TransactionRequest, TransactionReceipt},
   |                                               ^^^^^^^^^^^^^^^^^^
...
21 |         PeerId,
   |         ^^^^^^
   |
   = note: `#[warn(unused_imports)]` on by default

warning: unused import: `SolCall`
  --> server/src/tests/integration.rs:15:21
   |
15 |         sol_types::{SolCall, SolEventInterface},
   |                     ^^^^^^^

warning: unused import: `WalletProvider`
 --> server/src/tests/integration.rs:8:48
  |
8 |         providers::{Provider, ProviderBuilder, WalletProvider},
  |                                                ^^^^^^^^^^^^^^

warning: unused import: `TxSignerSync`
 --> server/src/tests/integration.rs:6:55
  |
6 |         network::{EthereumWallet, TransactionBuilder, TxSignerSync},
  |                                                       ^^^^^^^^^^^^

warning: unused import: `SolEventInterface`
  --> server/src/tests/integration.rs:15:30
   |
15 |         sol_types::{SolCall, SolEventInterface},
   |                              ^^^^^^^^^^^^^^^^^

warning: constant `OP_BRIDGE_IN_SECS` is never used
  --> server/src/tests/integration.rs:43:7
   |
43 | const OP_BRIDGE_IN_SECS: u64 = 2 * 60; // Allow up to two minutes for bridging
   |       ^^^^^^^^^^^^^^^^^
   |
   = note: `#[warn(dead_code)]` on by default

warning: function `use_optimism_bridge` is never used
   --> server/src/tests/integration.rs:469:10
    |
469 | async fn use_optimism_bridge() -> Result<()> {
    |          ^^^^^^^^^^^^^^^^^^^

warning: function `deposit_to_l2` is never used
   --> server/src/tests/integration.rs:478:10
    |
478 | async fn deposit_to_l2() -> Result<()> {
    |          ^^^^^^^^^^^^^

warning: function `deploy_move_counter` is never used
   --> server/src/tests/integration.rs:502:10
    |
502 | async fn deploy_move_counter() -> Result<()> {
    |          ^^^^^^^^^^^^^^^^^^^

warning: function `set_module_address` is never used
   --> server/src/tests/integration.rs:745:4
    |
745 | fn set_module_address(bytecode: Vec<u8>, address: Address) -> Vec<u8> {
    |    ^^^^^^^^^^^^^^^^^^

warning: function `l2_send_ethers` is never used
   --> server/src/tests/integration.rs:814:10
    |
814 | async fn l2_send_ethers(
    |          ^^^^^^^^^^^^^^

warning: function `get_op_balance` is never used
   --> server/src/tests/integration.rs:853:10
    |
853 | async fn get_op_balance(account: Address) -> Result<U256> {
    |          ^^^^^^^^^^^^^^

warning: constant `MAX_WITHDRAWAL_TIMEOUT` is never used
  --> server/src/tests/integration/withdrawal.rs:23:7
   |
23 | const MAX_WITHDRAWAL_TIMEOUT: u64 = 10 * 60;
   |       ^^^^^^^^^^^^^^^^^^^^^^

warning: constant `WITHDRAW_ADDRESS` is never used
  --> server/src/tests/integration/withdrawal.rs:24:7
   |
24 | const WITHDRAW_ADDRESS: Address =
   |       ^^^^^^^^^^^^^^^^

warning: function `withdraw_to_l1` is never used
  --> server/src/tests/integration/withdrawal.rs:27:14
   |
27 | pub async fn withdraw_to_l1() -> Result<()> {
   |              ^^^^^^^^^^^^^^

warning: `moved-server` (lib test) generated 15 warnings (run `cargo fix --lib -p moved-server --tests` to apply 1 suggestion)
    Finished `test` profile [unoptimized + debuginfo] target(s) in 38.94s
     Running unittests src/main.rs (target/debug/deps/genesis_builder-d1a31a2c486faadf)
     Running unittests src/lib.rs (target/debug/deps/moved-413dd83d0635ca85)
     Running unittests src/lib.rs (target/debug/deps/moved_api-14331f88e877ef53)
     Running unittests src/lib.rs (target/debug/deps/moved_evm_ext-a5f84c6ba12e6f82)
     Running unittests src/lib.rs (target/debug/deps/moved_genesis-b565f1ab756cba86)
     Running unittests src/lib.rs (target/debug/deps/moved_genesis_image-70f27ecc9c374660)
     Running unittests src/lib.rs (target/debug/deps/moved_server-4537f5d35ab359a9)
[server/src/tests/integration.rs:844:5] &tx_hash = 0x7777115ffa2b62138e60aa2b80c16262721a44585fb9b5f3a2cc1edd1090c203
[server/src/tests/integration.rs:844:5] &tx_hash = 0xa064a11840f8cf1b662635819552f8fb01619fd139b71aef81301081dabaa904
[server/src/tests/integration.rs:844:5] &tx_hash = 0x1182eb32488d1035bb82ff109ab8379feb56568dd7c8cb935abb077223664a4f
[server/src/tests/integration.rs:844:5] &tx_hash = 0x40ff6d5e1f65cb2cc14d9496fac05d3411c60e66fed9b091f78a9e6f15327b4f
[server/src/tests/integration.rs:844:5] &tx_hash = 0x7b96a453987d1e3dc71dc79c5fe3edd8ff5901368d127d6f27e297c3b176ddf6
[server/src/tests/integration.rs:844:5] &tx_hash = 0x7f055afb6ac0faa091b2f379895e6295c673e3e2756344e25f929e630c314268
[server/src/tests/integration.rs:844:5] &tx_hash = 0xf0c6d7ee8a9fd4503f768cbea8ff714b808ead3bf18a5c0bb89ef673e41f2d47
[server/src/tests/integration.rs:844:5] &tx_hash = 0xfb884c42be3b533ddd2214f8d707f0593b7a77db8f168951857d12fc1d1b551c
[server/src/tests/integration.rs:844:5] &tx_hash = 0x13d5a8578e8e4ce85f86fd3f02579bcf63fc79b2f9731409b2c7e1bc8fc7b73e
[server/src/tests/integration.rs:844:5] &tx_hash = 0x7fc1d59794ee16c3abb62468d26766f4858dce3a7a005e126017b50ac525ad41
[server/src/tests/integration.rs:844:5] &tx_hash = 0x3f6f3b5b152977ec5ae887c973e5140a82e6c3744c7b6c86cf9bf2dffb571dbb
[server/src/tests/integration.rs:844:5] &tx_hash = 0x1118f0badc0b5601ef387e735f242d59bfe5db5220673ca0f4fe4794db18424e
[server/src/tests/integration.rs:844:5] &tx_hash = 0x1fe0635f4ad1f07c2084385c43531cd47d3f7ec3a02de8dab08df059614f11fd
[server/src/tests/integration.rs:844:5] &tx_hash = 0x346081946dc7f26b360f8c6acded69a09ffe534ff2382049996a1f90fe6768d9
[server/src/tests/integration.rs:844:5] &tx_hash = 0x88cd00440746cd4d3389ff1d413f45038e7b24b33320a213ed103fadadb09e4a
[server/src/tests/integration.rs:844:5] &tx_hash = 0xc4ad67a7bc1867b2650adbf63e90e4360a24f3ab2aae0a86780b3ae80b1973c2
[server/src/tests/integration.rs:844:5] &tx_hash = 0x5d46bde95e291c52d5b24279a7f9747c940cf01bead350a4c045f73760d2aa70
[server/src/tests/integration.rs:844:5] &tx_hash = 0x90faf580e73d6e69ef1121145f0a084410a3c90bca861c7b213b9304aba491b0
[server/src/tests/integration.rs:844:5] &tx_hash = 0x3c2f72afd29efed129d192234bf07bc83116af5d57e075fa26621c4c0ae042d1
[server/src/tests/integration.rs:844:5] &tx_hash = 0x9d11c2262830d7e29673ea5e85ac14f3a2c9e96b0fcf444c6b9c3352bca188b0
[server/src/tests/integration.rs:844:5] &tx_hash = 0xb59ee81eefe208b69290e3469868f926d1e22b64cf7aba37f2af9d41ffbe99fd
[server/src/tests/integration.rs:844:5] &tx_hash = 0x0b64207122ec0d3432655bd403b6e13615ca76a4f1e7338dfe551efd0e54ae4d
[server/src/tests/integration.rs:844:5] &tx_hash = 0x4a589b153e0bfeafdc06160a6e07cb0a43b9bc2d60e0e9c676a0040e69618042
[server/src/tests/integration.rs:844:5] &tx_hash = 0x905526eae6ed85daaff9a908199ecb0239523e2eceab0395018f9f8c113e2a81
[server/src/tests/integration.rs:844:5] &tx_hash = 0xfa568452e8c47d704f24f046cd99661d4ac64cad6bd6fb2a5bed8b254ff7b395
[server/src/tests/integration.rs:844:5] &tx_hash = 0x7b482f047f5f4bf772a92351411a388623773bc0cec4747ff56ed0c729dfa4e0
[server/src/tests/integration.rs:844:5] &tx_hash = 0x8e6079a08d990041609aa2d7caa5108eecabee2d4343b2619bfb4bacb6223d35
[server/src/tests/integration.rs:844:5] &tx_hash = 0xf44fa7fcc63eb1674b56e736f524895259192c7fcd4a3e1721a3537a7d33e06f
[server/src/tests/integration.rs:844:5] &tx_hash = 0x3a4f6d4c7daa4bf3f6585311e991840fe2a2847d2f3fd26f5c5935db93b3958e
[server/src/tests/integration.rs:844:5] &tx_hash = 0x3b3a7e36ae0309984695fcd37392ef1e24a0926e00c77c0db58f6a36f5b995fa
[server/src/tests/integration.rs:844:5] &tx_hash = 0x7cf79ed4750a4c3a7927c5f8bba5114d7326ee6e8d9984fa882f2c22a2ba76da
[server/src/tests/integration.rs:844:5] &tx_hash = 0x3b6a31bd98dc6779b401461a01a78cae6b2074e66c323e7145134504f5bd6d12
[server/src/tests/integration.rs:844:5] &tx_hash = 0xaa0f235dc850062ad28bcc14fa74f759c09ec399d15163a1e294e25232682eea
[server/src/tests/integration.rs:844:5] &tx_hash = 0xe90995ac554a512337d72eaf9c69225bb7699f56e3d8eaecf1438a8d44afcf76
[server/src/tests/integration.rs:844:5] &tx_hash = 0x0da0102966e248bf47e8fce0a1108f3422a7e82a1c6c7fb494d232cd2b8965c9
[server/src/tests/integration.rs:844:5] &tx_hash = 0x12a6fa48fdf23deee8411b0069a47b9d8e7c3b9ca9fa52474383c7e1170772dc
[server/src/tests/integration.rs:844:5] &tx_hash = 0x781e02a549669f6540f190d5a12b95433a2a69463745764bb4d40ff26b02f6d9
[server/src/tests/integration.rs:844:5] &tx_hash = 0x5ab8c4a77621c3eec35dc603b79408b9cab71c9aa0f53487ecac98346d705a91
[server/src/tests/integration.rs:844:5] &tx_hash = 0xb110b08ce0548e4ad70da9e91ad7b7a5a3b539cfb214ff4b3584d13012961345
[server/src/tests/integration.rs:844:5] &tx_hash = 0xcf61e982675e3303cb3444b9d54d86aae4ec62efcb9f34c6a56f8a9414b86b4d
[server/src/tests/integration.rs:844:5] &tx_hash = 0xf0627d741c58a3b91fd906ae6fce10a20dd51403f1cabf6614f45b2c6b3e42fd
[server/src/tests/integration.rs:844:5] &tx_hash = 0x9638be97660624f60ed35a2369096d0c6eafde28a41bb29998a067f95a544c56
[server/src/tests/integration.rs:844:5] &tx_hash = 0x955bc7b30befbbecb3a652ab222417d060c945dc18040d54301f05d602b2344b
[server/src/tests/integration.rs:844:5] &tx_hash = 0xc57dc01e3ca3769901434e9fa21b860b87d3cd41baa0faed124d7f5726f78746
[server/src/tests/integration.rs:844:5] &tx_hash = 0xbfb6be5e472cf9ef704a0891b927d730ac8154cae2235a4ca0d5c5f256bacfee
[server/src/tests/integration.rs:844:5] &tx_hash = 0x8b4b9ee2b3ab20b97a9e490a2521315c9dbb7500fd0c02df69c672efaf202a1e
[server/src/tests/integration.rs:844:5] &tx_hash = 0x580767d6c99623fcd40f0aa8cfe6834d1744e37f3fa370d2ccac1c0e4f9235a1
[server/src/tests/integration.rs:844:5] &tx_hash = 0xb1626668b68c2f3c6fc09625d51b3c2956ab0b6f07a7754c5b607f1e5c5e92c6
[server/src/tests/integration.rs:844:5] &tx_hash = 0x430ce44d0926e826a67a9ec75e134cb5af734ff544c93d8bcfe820c8a8fad75f
[server/src/tests/integration.rs:844:5] &tx_hash = 0x7bde4964fb931e1fa92d9eea193fb7a016c5aae1083075b2906beb3af374c7db
Warning: EIP-3855 is not supported in one or more of the RPCs used.
Unsupported Chain IDs: 1337.
Contracts deployed with a Solidity version equal or higher than 0.8.20 might not work properly.
For more information, please see https://eips.ethereum.org/EIPS/eip-3855
Warning: Script contains a transaction to 0x9568d36E291c2C4c34fa5593fcE73715abEf6F9c which does not contain any code.
Warning: Script contains a transaction to 0x9568d36E291c2C4c34fa5593fcE73715abEf6F9c which does not contain any code.
in deposited
[moved/src/move_execution/deposited.rs:52:5] &input.tx_hash = 0xe4019ab6aa247d00c73dccb6509568dc87b6f5daab644a9e2be961d134266142
[moved/src/move_execution/deposited.rs:53:5] &input.block_header = HeaderForExecution {
    number: 1,
    timestamp: 1741007178,
    prev_randao: 0x6cc5ee6d015b19526ad92f68fa0af61e69f7a869c2c99d4f532134321a1cdb90,
}
in deposited: tx data yes
[moved/src/move_execution/deposited.rs:98:5] &input.tx.data = 0x440a5e2000022950000c5f4f00000000000000000000000067c5a94a00000000000000210000000000000000000000000000000000000000000000000000000000bd330300000000000000000000000000000000000000000000000000000000000000012d6475df8585f8d90924b9ef2985d86ff6932943a88be6ebd6e207e7266dd7680000000000000000000000008c67a7b8624044f8f672e9ec374dfa596f01afb9
[evm-ext/src/native_impl.rs:65:5] &caller = 000000000000000000000000deaddeaddeaddeaddeaddeaddeaddeaddead0001
[evm-ext/src/native_impl.rs:66:5] &caller.to_eth_address() = 0xdeaddeaddeaddeaddeaddeaddeaddeaddead0001
[moved/src/move_execution/deposited.rs:109:5] &outcome = Ok(
    SerializedReturnValues {
        mutable_reference_outputs: [],
        return_values: [
            (
                [
                    1,
                    0,
                    0,
                ],
                Struct(
                    Runtime(
                        [
                            Bool,
                            Vector(
                                U8,
                            ),
                            Vector(
                                Struct(
                                    Runtime(
                                        [
                                            Address,
                                            Vector(
                                                U256,
                                            ),
                                            Vector(
                                                U8,
                                            ),
                                        ],
                                    ),
                                ),
                            ),
                        ],
                    ),
                ),
            ),
        ],
    },
)
[moved/src/move_execution/deposited.rs:112:9] &evm_outcome = EvmNativeOutcome {
    is_success: true,
    output: [],
    logs: [],
}
in mint params func
[moved/src/move_execution/deposited.rs:117:9] &mint_params = None
found empty mint params. logs: []
in deposited
[moved/src/move_execution/deposited.rs:52:5] &input.tx_hash = 0x87642dfe6d26d772cb6aa981d5f1d395b4c50cf863e058a1feaddf526d1de6b3
[moved/src/move_execution/deposited.rs:53:5] &input.block_header = HeaderForExecution {
    number: 2,
    timestamp: 1741007179,
    prev_randao: 0x052115939b7ef3d28453ab88081104cdb5278a2093e2d58ee0ed3a9ebcc2d559,
}
in deposited: tx data yes
[moved/src/move_execution/deposited.rs:98:5] &input.tx.data = 0x440a5e2000022950000c5f4f00000000000000000000000067c5a94b00000000000000220000000000000000000000000000000000000000000000000000000000a5a20c0000000000000000000000000000000000000000000000000000000000000001952b921439c4c9844dbd4d798144c75c29e3b7dc90a6a49b6b6d481a6d1cc1840000000000000000000000008c67a7b8624044f8f672e9ec374dfa596f01afb9
[evm-ext/src/native_impl.rs:65:5] &caller = 000000000000000000000000deaddeaddeaddeaddeaddeaddeaddeaddead0001
[evm-ext/src/native_impl.rs:66:5] &caller.to_eth_address() = 0xdeaddeaddeaddeaddeaddeaddeaddeaddead0001
[moved/src/move_execution/deposited.rs:109:5] &outcome = Ok(
    SerializedReturnValues {
        mutable_reference_outputs: [],
        return_values: [
            (
                [
                    1,
                    0,
                    0,
                ],
                Struct(
                    Runtime(
                        [
                            Bool,
                            Vector(
                                U8,
                            ),
                            Vector(
                                Struct(
                                    Runtime(
                                        [
                                            Address,
                                            Vector(
                                                U256,
                                            ),
                                            Vector(
                                                U8,
                                            ),
                                        ],
                                    ),
                                ),
                            ),
                        ],
                    ),
                ),
            ),
        ],
    },
)
[moved/src/move_execution/deposited.rs:112:9] &evm_outcome = EvmNativeOutcome {
    is_success: true,
    output: [],
    logs: [],
}
in mint params func
[moved/src/move_execution/deposited.rs:117:9] &mint_params = None
found empty mint params. logs: []
in deposited
[moved/src/move_execution/deposited.rs:52:5] &input.tx_hash = 0x1914016d53e4cc37e088999179752168aa548a89baa2e43c4e9c82d8628afff1
[moved/src/move_execution/deposited.rs:53:5] &input.block_header = HeaderForExecution {
    number: 3,
    timestamp: 1741007180,
    prev_randao: 0xfbd437191bc67f953753f14afdeca735e454887bab931953d8469d49e9aa586a,
}
in deposited: tx data yes
[moved/src/move_execution/deposited.rs:98:5] &input.tx.data = 0x440a5e2000022950000c5f4f00000000000000000000000067c5a94c0000000000000023000000000000000000000000000000000000000000000000000000000091008500000000000000000000000000000000000000000000000000000000000000011c57cec28f01acd3bc8cba22be7bb4e2cc0ff034e2c034f25b7435442d0332b60000000000000000000000008c67a7b8624044f8f672e9ec374dfa596f01afb9
[evm-ext/src/native_impl.rs:65:5] &caller = 000000000000000000000000deaddeaddeaddeaddeaddeaddeaddeaddead0001
[evm-ext/src/native_impl.rs:66:5] &caller.to_eth_address() = 0xdeaddeaddeaddeaddeaddeaddeaddeaddead0001
[moved/src/move_execution/deposited.rs:109:5] &outcome = Ok(
    SerializedReturnValues {
        mutable_reference_outputs: [],
        return_values: [
            (
                [
                    1,
                    0,
                    0,
                ],
                Struct(
                    Runtime(
                        [
                            Bool,
                            Vector(
                                U8,
                            ),
                            Vector(
                                Struct(
                                    Runtime(
                                        [
                                            Address,
                                            Vector(
                                                U256,
                                            ),
                                            Vector(
                                                U8,
                                            ),
                                        ],
                                    ),
                                ),
                            ),
                        ],
                    ),
                ),
            ),
        ],
    },
)
[moved/src/move_execution/deposited.rs:112:9] &evm_outcome = EvmNativeOutcome {
    is_success: true,
    output: [],
    logs: [],
}
in mint params func
[moved/src/move_execution/deposited.rs:117:9] &mint_params = None
found empty mint params. logs: []
in deposited
[moved/src/move_execution/deposited.rs:52:5] &input.tx_hash = 0x1ef493cd45ab1395dc26239798127f566304fc18208a6793914c8312e9fbd497
[moved/src/move_execution/deposited.rs:53:5] &input.block_header = HeaderForExecution {
    number: 4,
    timestamp: 1741007181,
    prev_randao: 0xf5b66c1f12cb7154ae52612e4dd90007b672b756df47ca306dcc542e08df8b0b,
}
in deposited: tx data yes
[moved/src/move_execution/deposited.rs:98:5] &input.tx.data = 0x440a5e2000022950000c5f4f00000000000000000000000067c5a94d000000000000002400000000000000000000000000000000000000000000000000000000007ef0d50000000000000000000000000000000000000000000000000000000000000001654ff97fae62da57fff240a93b47ebacaf0c0c0d3b83e00c89f9be56595091040000000000000000000000008c67a7b8624044f8f672e9ec374dfa596f01afb9
[evm-ext/src/native_impl.rs:65:5] &caller = 000000000000000000000000deaddeaddeaddeaddeaddeaddeaddeaddead0001
[evm-ext/src/native_impl.rs:66:5] &caller.to_eth_address() = 0xdeaddeaddeaddeaddeaddeaddeaddeaddead0001
[moved/src/move_execution/deposited.rs:109:5] &outcome = Ok(
    SerializedReturnValues {
        mutable_reference_outputs: [],
        return_values: [
            (
                [
                    1,
                    0,
                    0,
                ],
                Struct(
                    Runtime(
                        [
                            Bool,
                            Vector(
                                U8,
                            ),
                            Vector(
                                Struct(
                                    Runtime(
                                        [
                                            Address,
                                            Vector(
                                                U256,
                                            ),
                                            Vector(
                                                U8,
                                            ),
                                        ],
                                    ),
                                ),
                            ),
                        ],
                    ),
                ),
            ),
        ],
    },
)
[moved/src/move_execution/deposited.rs:112:9] &evm_outcome = EvmNativeOutcome {
    is_success: true,
    output: [],
    logs: [],
}
in mint params func
[moved/src/move_execution/deposited.rs:117:9] &mint_params = None
found empty mint params. logs: []
in deposited
[moved/src/move_execution/deposited.rs:52:5] &input.tx_hash = 0x29c9ac76849173946ee2e27ebad99192a1ceeb1864c4ac2fbaaab0ff8726777d
[moved/src/move_execution/deposited.rs:53:5] &input.block_header = HeaderForExecution {
    number: 5,
    timestamp: 1741007182,
    prev_randao: 0x4e876e2479f76666087c7e64641f1d143dbe3c254e78056a0d1dcbb352686352,
}
in deposited: tx data yes
[moved/src/move_execution/deposited.rs:98:5] &input.tx.data = 0x440a5e2000022950000c5f4f00000000000000000000000067c5a94e000000000000002500000000000000000000000000000000000000000000000000000000006f210e00000000000000000000000000000000000000000000000000000000000000016b4c7605e58d7d78c250ab9820269b4a3864b39b34fdabe0bc421438743906940000000000000000000000008c67a7b8624044f8f672e9ec374dfa596f01afb9
[evm-ext/src/native_impl.rs:65:5] &caller = 000000000000000000000000deaddeaddeaddeaddeaddeaddeaddeaddead0001
[evm-ext/src/native_impl.rs:66:5] &caller.to_eth_address() = 0xdeaddeaddeaddeaddeaddeaddeaddeaddead0001
[moved/src/move_execution/deposited.rs:109:5] &outcome = Ok(
    SerializedReturnValues {
        mutable_reference_outputs: [],
        return_values: [
            (
                [
                    1,
                    0,
                    0,
                ],
                Struct(
                    Runtime(
                        [
                            Bool,
                            Vector(
                                U8,
                            ),
                            Vector(
                                Struct(
                                    Runtime(
                                        [
                                            Address,
                                            Vector(
                                                U256,
                                            ),
                                            Vector(
                                                U8,
                                            ),
                                        ],
                                    ),
                                ),
                            ),
                        ],
                    ),
                ),
            ),
        ],
    },
)
[moved/src/move_execution/deposited.rs:112:9] &evm_outcome = EvmNativeOutcome {
    is_success: true,
    output: [],
    logs: [],
}
in mint params func
[moved/src/move_execution/deposited.rs:117:9] &mint_params = None
found empty mint params. logs: []
in deposited
[moved/src/move_execution/deposited.rs:52:5] &input.tx_hash = 0x6cf94c15dcde74adf025e4d4164b7188ceba56113ce77ff09abefb624dae5763
[moved/src/move_execution/deposited.rs:53:5] &input.block_header = HeaderForExecution {
    number: 6,
    timestamp: 1741007183,
    prev_randao: 0x6fc8464d7a418735923d894468ffbddf327dd8ad34912dcc40f084be0739f1f3,
}
in deposited: tx data yes
[moved/src/move_execution/deposited.rs:98:5] &input.tx.data = 0x440a5e2000022950000c5f4f00000000000000000000000067c5a94f000000000000002600000000000000000000000000000000000000000000000000000000006149740000000000000000000000000000000000000000000000000000000000000001eb6f1948e904610d90422998ebf7e1b034487d6300af63f74763a95229a317d90000000000000000000000008c67a7b8624044f8f672e9ec374dfa596f01afb9
[evm-ext/src/native_impl.rs:65:5] &caller = 000000000000000000000000deaddeaddeaddeaddeaddeaddeaddeaddead0001
[evm-ext/src/native_impl.rs:66:5] &caller.to_eth_address() = 0xdeaddeaddeaddeaddeaddeaddeaddeaddead0001
[moved/src/move_execution/deposited.rs:109:5] &outcome = Ok(
    SerializedReturnValues {
        mutable_reference_outputs: [],
        return_values: [
            (
                [
                    1,
                    0,
                    0,
                ],
                Struct(
                    Runtime(
                        [
                            Bool,
                            Vector(
                                U8,
                            ),
                            Vector(
                                Struct(
                                    Runtime(
                                        [
                                            Address,
                                            Vector(
                                                U256,
                                            ),
                                            Vector(
                                                U8,
                                            ),
                                        ],
                                    ),
                                ),
                            ),
                        ],
                    ),
                ),
            ),
        ],
    },
)
[moved/src/move_execution/deposited.rs:112:9] &evm_outcome = EvmNativeOutcome {
    is_success: true,
    output: [],
    logs: [],
}
in mint params func
[moved/src/move_execution/deposited.rs:117:9] &mint_params = None
found empty mint params. logs: []
in deposited
[moved/src/move_execution/deposited.rs:52:5] &input.tx_hash = 0x641dfaa86490312afb98456a35712ecbd1864d1af2317608e41ea7b5193feadc
[moved/src/move_execution/deposited.rs:53:5] &input.block_header = HeaderForExecution {
    number: 7,
    timestamp: 1741007184,
    prev_randao: 0x2c8a98dcb5aba7f7a5a6ee73e0b938ba1f93a507f087786cb457574c2f70b19b,
}
in deposited: tx data yes
[moved/src/move_execution/deposited.rs:98:5] &input.tx.data = 0x440a5e2000022950000c5f4f00000000000000000000000067c5a95000000000000000270000000000000000000000000000000000000000000000000000000000552b3b0000000000000000000000000000000000000000000000000000000000000001796725d9e0426fe48849cc6a858f3715d1d7a5801621dd1948314e68454e34e30000000000000000000000008c67a7b8624044f8f672e9ec374dfa596f01afb9
[evm-ext/src/native_impl.rs:65:5] &caller = 000000000000000000000000deaddeaddeaddeaddeaddeaddeaddeaddead0001
[evm-ext/src/native_impl.rs:66:5] &caller.to_eth_address() = 0xdeaddeaddeaddeaddeaddeaddeaddeaddead0001
[moved/src/move_execution/deposited.rs:109:5] &outcome = Ok(
    SerializedReturnValues {
        mutable_reference_outputs: [],
        return_values: [
            (
                [
                    1,
                    0,
                    0,
                ],
                Struct(
                    Runtime(
                        [
                            Bool,
                            Vector(
                                U8,
                            ),
                            Vector(
                                Struct(
                                    Runtime(
                                        [
                                            Address,
                                            Vector(
                                                U256,
                                            ),
                                            Vector(
                                                U8,
                                            ),
                                        ],
                                    ),
                                ),
                            ),
                        ],
                    ),
                ),
            ),
        ],
    },
)
[moved/src/move_execution/deposited.rs:112:9] &evm_outcome = EvmNativeOutcome {
    is_success: true,
    output: [],
    logs: [],
}
in mint params func
[moved/src/move_execution/deposited.rs:117:9] &mint_params = None
found empty mint params. logs: []
in deposited
[moved/src/move_execution/deposited.rs:52:5] &input.tx_hash = 0x3c6af18923ec091632b3774d3c05e1b1488d7c99e48a97ddf06356953fd98123
[moved/src/move_execution/deposited.rs:53:5] &input.block_header = HeaderForExecution {
    number: 8,
    timestamp: 1741007185,
    prev_randao: 0x0e40d75707e2c5e5a0b1ed4867ec3a445f2fae3df6a84455ccedfec3288d3876,
}
in deposited: tx data yes
[moved/src/move_execution/deposited.rs:98:5] &input.tx.data = 0x440a5e2000022950000c5f4f00000000000000000000000067c5a951000000000000002800000000000000000000000000000000000000000000000000000000004a8f69000000000000000000000000000000000000000000000000000000000000000185e88e067f99ac48f88b13ffb37dbd5e92f9230b8c83fb7b361498ec3dcd783c0000000000000000000000008c67a7b8624044f8f672e9ec374dfa596f01afb9
[evm-ext/src/native_impl.rs:65:5] &caller = 000000000000000000000000deaddeaddeaddeaddeaddeaddeaddeaddead0001
[evm-ext/src/native_impl.rs:66:5] &caller.to_eth_address() = 0xdeaddeaddeaddeaddeaddeaddeaddeaddead0001
[moved/src/move_execution/deposited.rs:109:5] &outcome = Ok(
    SerializedReturnValues {
        mutable_reference_outputs: [],
        return_values: [
            (
                [
                    1,
                    0,
                    0,
                ],
                Struct(
                    Runtime(
                        [
                            Bool,
                            Vector(
                                U8,
                            ),
                            Vector(
                                Struct(
                                    Runtime(
                                        [
                                            Address,
                                            Vector(
                                                U256,
                                            ),
                                            Vector(
                                                U8,
                                            ),
                                        ],
                                    ),
                                ),
                            ),
                        ],
                    ),
                ),
            ),
        ],
    },
)
[moved/src/move_execution/deposited.rs:112:9] &evm_outcome = EvmNativeOutcome {
    is_success: true,
    output: [],
    logs: [],
}
in mint params func
[moved/src/move_execution/deposited.rs:117:9] &mint_params = None
found empty mint params. logs: []
in deposited
[moved/src/move_execution/deposited.rs:52:5] &input.tx_hash = 0x318d7a677b1decc0e73f43d695626f7aa744710d6d8251bea58ec7e925caa7aa
[moved/src/move_execution/deposited.rs:53:5] &input.block_header = HeaderForExecution {
    number: 9,
    timestamp: 1741007186,
    prev_randao: 0xb22cc5d65a9f8c649f5e01b40ad472ba0413d49f87643e1ec9ef7499e3f3e755,
}
in deposited: tx data yes
[moved/src/move_execution/deposited.rs:98:5] &input.tx.data = 0x440a5e2000022950000c5f4f00000000000000000000000067c5a952000000000000002900000000000000000000000000000000000000000000000000000000004145de00000000000000000000000000000000000000000000000000000000000000017b652676026628751649c4bb52e0113b0cf09028bc20e8fa87a9b24e1816fea20000000000000000000000008c67a7b8624044f8f672e9ec374dfa596f01afb9
[evm-ext/src/native_impl.rs:65:5] &caller = 000000000000000000000000deaddeaddeaddeaddeaddeaddeaddeaddead0001
[evm-ext/src/native_impl.rs:66:5] &caller.to_eth_address() = 0xdeaddeaddeaddeaddeaddeaddeaddeaddead0001
[moved/src/move_execution/deposited.rs:109:5] &outcome = Ok(
    SerializedReturnValues {
        mutable_reference_outputs: [],
        return_values: [
            (
                [
                    1,
                    0,
                    0,
                ],
                Struct(
                    Runtime(
                        [
                            Bool,
                            Vector(
                                U8,
                            ),
                            Vector(
                                Struct(
                                    Runtime(
                                        [
                                            Address,
                                            Vector(
                                                U256,
                                            ),
                                            Vector(
                                                U8,
                                            ),
                                        ],
                                    ),
                                ),
                            ),
                        ],
                    ),
                ),
            ),
        ],
    },
)
[moved/src/move_execution/deposited.rs:112:9] &evm_outcome = EvmNativeOutcome {
    is_success: true,
    output: [],
    logs: [],
}
in mint params func
[moved/src/move_execution/deposited.rs:117:9] &mint_params = None
found empty mint params. logs: []
in deposited
[moved/src/move_execution/deposited.rs:52:5] &input.tx_hash = 0x12b92ccc4770149e831cea003c5337349d394283bed4e97c45d03647bf396b19
[moved/src/move_execution/deposited.rs:53:5] &input.block_header = HeaderForExecution {
    number: 10,
    timestamp: 1741007187,
    prev_randao: 0xabecbd3bd548271216f42ce758f7c265c063e633a3cb9953b9831f1a5a9e3412,
}
in deposited: tx data yes
[moved/src/move_execution/deposited.rs:98:5] &input.tx.data = 0x440a5e2000022950000c5f4f00000000000000000000000067c5a953000000000000002a00000000000000000000000000000000000000000000000000000000003924770000000000000000000000000000000000000000000000000000000000000001e7918c48de7eff6e7dbdef5cdcd0c8c33e31c4545a5b15470cf7983168ad6eb60000000000000000000000008c67a7b8624044f8f672e9ec374dfa596f01afb9
[evm-ext/src/native_impl.rs:65:5] &caller = 000000000000000000000000deaddeaddeaddeaddeaddeaddeaddeaddead0001
[evm-ext/src/native_impl.rs:66:5] &caller.to_eth_address() = 0xdeaddeaddeaddeaddeaddeaddeaddeaddead0001
[moved/src/move_execution/deposited.rs:109:5] &outcome = Ok(
    SerializedReturnValues {
        mutable_reference_outputs: [],
        return_values: [
            (
                [
                    1,
                    0,
                    0,
                ],
                Struct(
                    Runtime(
                        [
                            Bool,
                            Vector(
                                U8,
                            ),
                            Vector(
                                Struct(
                                    Runtime(
                                        [
                                            Address,
                                            Vector(
                                                U256,
                                            ),
                                            Vector(
                                                U8,
                                            ),
                                        ],
                                    ),
                                ),
                            ),
                        ],
                    ),
                ),
            ),
        ],
    },
)
[moved/src/move_execution/deposited.rs:112:9] &evm_outcome = EvmNativeOutcome {
    is_success: true,
    output: [],
    logs: [],
}
in mint params func
[moved/src/move_execution/deposited.rs:117:9] &mint_params = None
found empty mint params. logs: []
in deposited
[moved/src/move_execution/deposited.rs:52:5] &input.tx_hash = 0x0c3f5e80884f7559802416dcc6da63c6a8e5cf60b826ef82c8e7b0fdf5cf79cf
[moved/src/move_execution/deposited.rs:53:5] &input.block_header = HeaderForExecution {
    number: 11,
    timestamp: 1741007188,
    prev_randao: 0x61588a010fb526083830ebec48731e4c4d17953858c48af2075db1dd7f8bff32,
}
in deposited: tx data yes
[moved/src/move_execution/deposited.rs:98:5] &input.tx.data = 0x440a5e2000022950000c5f4f00000000000000000000000067c5a954000000000000002b00000000000000000000000000000000000000000000000000000000003206520000000000000000000000000000000000000000000000000000000000000001e42c28e5c75a6f8a2e95aad2d4795fbb71f15504b1e6f9e52381c90517a0b7cd0000000000000000000000008c67a7b8624044f8f672e9ec374dfa596f01afb9
[evm-ext/src/native_impl.rs:65:5] &caller = 000000000000000000000000deaddeaddeaddeaddeaddeaddeaddeaddead0001
[evm-ext/src/native_impl.rs:66:5] &caller.to_eth_address() = 0xdeaddeaddeaddeaddeaddeaddeaddeaddead0001
[moved/src/move_execution/deposited.rs:109:5] &outcome = Ok(
    SerializedReturnValues {
        mutable_reference_outputs: [],
        return_values: [
            (
                [
                    1,
                    0,
                    0,
                ],
                Struct(
                    Runtime(
                        [
                            Bool,
                            Vector(
                                U8,
                            ),
                            Vector(
                                Struct(
                                    Runtime(
                                        [
                                            Address,
                                            Vector(
                                                U256,
                                            ),
                                            Vector(
                                                U8,
                                            ),
                                        ],
                                    ),
                                ),
                            ),
                        ],
                    ),
                ),
            ),
        ],
    },
)
[moved/src/move_execution/deposited.rs:112:9] &evm_outcome = EvmNativeOutcome {
    is_success: true,
    output: [],
    logs: [],
}
in mint params func
[moved/src/move_execution/deposited.rs:117:9] &mint_params = None
found empty mint params. logs: []
in deposited
[moved/src/move_execution/deposited.rs:52:5] &input.tx_hash = 0x4ac445867bd94fa6f6f56744c581a7cd751d7f2c5dd7f4a36dbe213bb1065f01
[moved/src/move_execution/deposited.rs:53:5] &input.block_header = HeaderForExecution {
    number: 12,
    timestamp: 1741007189,
    prev_randao: 0xa297a4faaec0d2eac6e55d6fadf9c7d5d4ea5fb9381cd30cf4397b70c8c76090,
}
in deposited: tx data yes
[moved/src/move_execution/deposited.rs:98:5] &input.tx.data = 0x440a5e2000022950000c5f4f00000000000000000000000067c5a955000000000000002c00000000000000000000000000000000000000000000000000000000002bcb230000000000000000000000000000000000000000000000000000000000000001a141a88fc2ea0922e08138295ccf9b8d5a1b0a295406df242e03cd64679d63ef0000000000000000000000008c67a7b8624044f8f672e9ec374dfa596f01afb9
[evm-ext/src/native_impl.rs:65:5] &caller = 000000000000000000000000deaddeaddeaddeaddeaddeaddeaddeaddead0001
[evm-ext/src/native_impl.rs:66:5] &caller.to_eth_address() = 0xdeaddeaddeaddeaddeaddeaddeaddeaddead0001
[moved/src/move_execution/deposited.rs:109:5] &outcome = Ok(
    SerializedReturnValues {
        mutable_reference_outputs: [],
        return_values: [
            (
                [
                    1,
                    0,
                    0,
                ],
                Struct(
                    Runtime(
                        [
                            Bool,
                            Vector(
                                U8,
                            ),
                            Vector(
                                Struct(
                                    Runtime(
                                        [
                                            Address,
                                            Vector(
                                                U256,
                                            ),
                                            Vector(
                                                U8,
                                            ),
                                        ],
                                    ),
                                ),
                            ),
                        ],
                    ),
                ),
            ),
        ],
    },
)
[moved/src/move_execution/deposited.rs:112:9] &evm_outcome = EvmNativeOutcome {
    is_success: true,
    output: [],
    logs: [],
}
in mint params func
[moved/src/move_execution/deposited.rs:117:9] &mint_params = None
found empty mint params. logs: []
in deposited
[moved/src/move_execution/deposited.rs:52:5] &input.tx_hash = 0x09edae7a48c8b0d944d4e03f42f8b4a101f37d405d984d5a5648c64b136566dc
[moved/src/move_execution/deposited.rs:53:5] &input.block_header = HeaderForExecution {
    number: 13,
    timestamp: 1741007190,
    prev_randao: 0x94037e9029f09c5390c91a71e132e100c7a7ff80849933169416ca7ac09499f9,
}
in deposited: tx data yes
[moved/src/move_execution/deposited.rs:98:5] &input.tx.data = 0x440a5e2000022950000c5f4f00000000000000000000000067c5a956000000000000002d00000000000000000000000000000000000000000000000000000000002656a60000000000000000000000000000000000000000000000000000000000000001f97d3cbbcb7bd899179ca327a1d9c796ae2f2eb077333c5a70e860181f43b3ea0000000000000000000000008c67a7b8624044f8f672e9ec374dfa596f01afb9
[evm-ext/src/native_impl.rs:65:5] &caller = 000000000000000000000000deaddeaddeaddeaddeaddeaddeaddeaddead0001
[evm-ext/src/native_impl.rs:66:5] &caller.to_eth_address() = 0xdeaddeaddeaddeaddeaddeaddeaddeaddead0001
[moved/src/move_execution/deposited.rs:109:5] &outcome = Ok(
    SerializedReturnValues {
        mutable_reference_outputs: [],
        return_values: [
            (
                [
                    1,
                    0,
                    0,
                ],
                Struct(
                    Runtime(
                        [
                            Bool,
                            Vector(
                                U8,
                            ),
                            Vector(
                                Struct(
                                    Runtime(
                                        [
                                            Address,
                                            Vector(
                                                U256,
                                            ),
                                            Vector(
                                                U8,
                                            ),
                                        ],
                                    ),
                                ),
                            ),
                        ],
                    ),
                ),
            ),
        ],
    },
)
[moved/src/move_execution/deposited.rs:112:9] &evm_outcome = EvmNativeOutcome {
    is_success: true,
    output: [],
    logs: [],
}
in mint params func
[moved/src/move_execution/deposited.rs:117:9] &mint_params = None
found empty mint params. logs: []
in deposited
[moved/src/move_execution/deposited.rs:52:5] &input.tx_hash = 0xede199a95ac1135b4148e0d47bee50b49b0384f8c02f2c0c2283679350178a2a
[moved/src/move_execution/deposited.rs:53:5] &input.block_header = HeaderForExecution {
    number: 14,
    timestamp: 1741007191,
    prev_randao: 0x47959c0ea0f142c3641fcb7a8799a6176882ca43041f977ff27bfbc282b5bb9e,
}
in deposited: tx data yes
[moved/src/move_execution/deposited.rs:98:5] &input.tx.data = 0x440a5e2000022950000c5f4f00000000000000000000000067c5a957000000000000002e000000000000000000000000000000000000000000000000000000000021901b00000000000000000000000000000000000000000000000000000000000000013fb6b88d297b85d8b38db71397c3012541857d08e6cbeba8c0114c746e2ce2a00000000000000000000000008c67a7b8624044f8f672e9ec374dfa596f01afb9
[evm-ext/src/native_impl.rs:65:5] &caller = 000000000000000000000000deaddeaddeaddeaddeaddeaddeaddeaddead0001
[evm-ext/src/native_impl.rs:66:5] &caller.to_eth_address() = 0xdeaddeaddeaddeaddeaddeaddeaddeaddead0001
[moved/src/move_execution/deposited.rs:109:5] &outcome = Ok(
    SerializedReturnValues {
        mutable_reference_outputs: [],
        return_values: [
            (
                [
                    1,
                    0,
                    0,
                ],
                Struct(
                    Runtime(
                        [
                            Bool,
                            Vector(
                                U8,
                            ),
                            Vector(
                                Struct(
                                    Runtime(
                                        [
                                            Address,
                                            Vector(
                                                U256,
                                            ),
                                            Vector(
                                                U8,
                                            ),
                                        ],
                                    ),
                                ),
                            ),
                        ],
                    ),
                ),
            ),
        ],
    },
)
[moved/src/move_execution/deposited.rs:112:9] &evm_outcome = EvmNativeOutcome {
    is_success: true,
    output: [],
    logs: [],
}
in mint params func
[moved/src/move_execution/deposited.rs:117:9] &mint_params = None
found empty mint params. logs: []
in deposited
[moved/src/move_execution/deposited.rs:52:5] &input.tx_hash = 0xbc969bbce0765eca7d2c0ba240eaa84d955e8ed7fd4a11e8baacd47caeaf75c0
[moved/src/move_execution/deposited.rs:53:5] &input.block_header = HeaderForExecution {
    number: 15,
    timestamp: 1741007192,
    prev_randao: 0x3d0d246f5130dbe202c81cb4e9a4550d8977c3b9e392b6b6e7370c6302e1fa62,
}
in deposited: tx data yes
[moved/src/move_execution/deposited.rs:98:5] &input.tx.data = 0x440a5e2000022950000c5f4f00000000000000000000000067c5a958000000000000002f00000000000000000000000000000000000000000000000000000000001d61d80000000000000000000000000000000000000000000000000000000000000001cab705e413bfd7f4e6a5687c444e5334ac0c746e1946f7e99a8bc44d6386b0580000000000000000000000008c67a7b8624044f8f672e9ec374dfa596f01afb9
[evm-ext/src/native_impl.rs:65:5] &caller = 000000000000000000000000deaddeaddeaddeaddeaddeaddeaddeaddead0001
[evm-ext/src/native_impl.rs:66:5] &caller.to_eth_address() = 0xdeaddeaddeaddeaddeaddeaddeaddeaddead0001
[moved/src/move_execution/deposited.rs:109:5] &outcome = Ok(
    SerializedReturnValues {
        mutable_reference_outputs: [],
        return_values: [
            (
                [
                    1,
                    0,
                    0,
                ],
                Struct(
                    Runtime(
                        [
                            Bool,
                            Vector(
                                U8,
                            ),
                            Vector(
                                Struct(
                                    Runtime(
                                        [
                                            Address,
                                            Vector(
                                                U256,
                                            ),
                                            Vector(
                                                U8,
                                            ),
                                        ],
                                    ),
                                ),
                            ),
                        ],
                    ),
                ),
            ),
        ],
    },
)
[moved/src/move_execution/deposited.rs:112:9] &evm_outcome = EvmNativeOutcome {
    is_success: true,
    output: [],
    logs: [],
}
in mint params func
[moved/src/move_execution/deposited.rs:117:9] &mint_params = None
found empty mint params. logs: []
in deposited
[moved/src/move_execution/deposited.rs:52:5] &input.tx_hash = 0x08781fd39a46e6f2c268aa8684e76e1e87c05867c037981aebd82ffb453795ea
[moved/src/move_execution/deposited.rs:53:5] &input.block_header = HeaderForExecution {
    number: 16,
    timestamp: 1741007193,
    prev_randao: 0xaf66493eb0b5b597547dedfeb59e471a39a0e02f51b3b82ef0e4f02aef5cb035,
}
in deposited: tx data yes
[moved/src/move_execution/deposited.rs:98:5] &input.tx.data = 0x440a5e2000022950000c5f4f00000000000000000000000067c5a9590000000000000030000000000000000000000000000000000000000000000000000000000019b8e500000000000000000000000000000000000000000000000000000000000000015c2ea3111fa1db56007f7780afe91c8317737f4b7c379b17ffad4eeecd185a000000000000000000000000008c67a7b8624044f8f672e9ec374dfa596f01afb9
[evm-ext/src/native_impl.rs:65:5] &caller = 000000000000000000000000deaddeaddeaddeaddeaddeaddeaddeaddead0001
[evm-ext/src/native_impl.rs:66:5] &caller.to_eth_address() = 0xdeaddeaddeaddeaddeaddeaddeaddeaddead0001
[moved/src/move_execution/deposited.rs:109:5] &outcome = Ok(
    SerializedReturnValues {
        mutable_reference_outputs: [],
        return_values: [
            (
                [
                    1,
                    0,
                    0,
                ],
                Struct(
                    Runtime(
                        [
                            Bool,
                            Vector(
                                U8,
                            ),
                            Vector(
                                Struct(
                                    Runtime(
                                        [
                                            Address,
                                            Vector(
                                                U256,
                                            ),
                                            Vector(
                                                U8,
                                            ),
                                        ],
                                    ),
                                ),
                            ),
                        ],
                    ),
                ),
            ),
        ],
    },
)
[moved/src/move_execution/deposited.rs:112:9] &evm_outcome = EvmNativeOutcome {
    is_success: true,
    output: [],
    logs: [],
}
in mint params func
[moved/src/move_execution/deposited.rs:117:9] &mint_params = None
found empty mint params. logs: []
in deposited
[moved/src/move_execution/deposited.rs:52:5] &input.tx_hash = 0xb65b6f314fa4e708beeab9d6456aecd24bb0613813dc0e1b124c0d1e9e89b643
[moved/src/move_execution/deposited.rs:53:5] &input.block_header = HeaderForExecution {
    number: 17,
    timestamp: 1741007194,
    prev_randao: 0xa67b1091b9dfadf3a277cbdc2dd9b7b84afcd95bccfbb0a44f8e19d0e761fe11,
}
in deposited: tx data yes
[moved/src/move_execution/deposited.rs:98:5] &input.tx.data = 0x440a5e2000022950000c5f4f00000000000000000000000067c5a95a000000000000003100000000000000000000000000000000000000000000000000000000001684a700000000000000000000000000000000000000000000000000000000000000016dcbb231ff13f57f56c0ae07e5ca85ce7326fada8be36b9e37a924766116d1a90000000000000000000000008c67a7b8624044f8f672e9ec374dfa596f01afb9
[evm-ext/src/native_impl.rs:65:5] &caller = 000000000000000000000000deaddeaddeaddeaddeaddeaddeaddeaddead0001
[evm-ext/src/native_impl.rs:66:5] &caller.to_eth_address() = 0xdeaddeaddeaddeaddeaddeaddeaddeaddead0001
[moved/src/move_execution/deposited.rs:109:5] &outcome = Ok(
    SerializedReturnValues {
        mutable_reference_outputs: [],
        return_values: [
            (
                [
                    1,
                    0,
                    0,
                ],
                Struct(
                    Runtime(
                        [
                            Bool,
                            Vector(
                                U8,
                            ),
                            Vector(
                                Struct(
                                    Runtime(
                                        [
                                            Address,
                                            Vector(
                                                U256,
                                            ),
                                            Vector(
                                                U8,
                                            ),
                                        ],
                                    ),
                                ),
                            ),
                        ],
                    ),
                ),
            ),
        ],
    },
)
[moved/src/move_execution/deposited.rs:112:9] &evm_outcome = EvmNativeOutcome {
    is_success: true,
    output: [],
    logs: [],
}
in mint params func
[moved/src/move_execution/deposited.rs:117:9] &mint_params = None
found empty mint params. logs: []
in deposited
[moved/src/move_execution/deposited.rs:52:5] &input.tx_hash = 0xdce048a9d0337d84020e6b5d3d8cae380c51bd6b2917c2a76740e25a3d063d65
[moved/src/move_execution/deposited.rs:53:5] &input.block_header = HeaderForExecution {
    number: 18,
    timestamp: 1741007195,
    prev_randao: 0x6a3999d9ec28e5cc71f5d7a6f179e14e8162466db186d0dad067c4dfb654523c,
}
in deposited: tx data yes
[moved/src/move_execution/deposited.rs:98:5] &input.tx.data = 0x440a5e2000022950000c5f4f00000000000000000000000067c5a95b0000000000000032000000000000000000000000000000000000000000000000000000000013b695000000000000000000000000000000000000000000000000000000000000000144edf1288d8cca49b00e4bfddbde22a05764aaa4d4c4ae6faed37585674056970000000000000000000000008c67a7b8624044f8f672e9ec374dfa596f01afb9
[evm-ext/src/native_impl.rs:65:5] &caller = 000000000000000000000000deaddeaddeaddeaddeaddeaddeaddeaddead0001
[evm-ext/src/native_impl.rs:66:5] &caller.to_eth_address() = 0xdeaddeaddeaddeaddeaddeaddeaddeaddead0001
[moved/src/move_execution/deposited.rs:109:5] &outcome = Ok(
    SerializedReturnValues {
        mutable_reference_outputs: [],
        return_values: [
            (
                [
                    1,
                    0,
                    0,
                ],
                Struct(
                    Runtime(
                        [
                            Bool,
                            Vector(
                                U8,
                            ),
                            Vector(
                                Struct(
                                    Runtime(
                                        [
                                            Address,
                                            Vector(
                                                U256,
                                            ),
                                            Vector(
                                                U8,
                                            ),
                                        ],
                                    ),
                                ),
                            ),
                        ],
                    ),
                ),
            ),
        ],
    },
)
[moved/src/move_execution/deposited.rs:112:9] &evm_outcome = EvmNativeOutcome {
    is_success: true,
    output: [],
    logs: [],
}
in mint params func
[moved/src/move_execution/deposited.rs:117:9] &mint_params = None
found empty mint params. logs: []
in deposited
[moved/src/move_execution/deposited.rs:52:5] &input.tx_hash = 0x0e67cadfcef8526573d0b4f0e2be82d2c3acd71c07509bf71d1dda2d83902760
[moved/src/move_execution/deposited.rs:53:5] &input.block_header = HeaderForExecution {
    number: 19,
    timestamp: 1741007196,
    prev_randao: 0xa07033accd4e2d0b297e4ee348ddc51f20aa1765b24d368f9a2a4f7a9d645b8b,
}
in deposited: tx data yes
[moved/src/move_execution/deposited.rs:98:5] &input.tx.data = 0x440a5e2000022950000c5f4f00000000000000000000000067c5a95c000000000000003300000000000000000000000000000000000000000000000000000000001141f5000000000000000000000000000000000000000000000000000000000000000160cb7ef99c63d24ca3ed0ab2e86d1d4d28d15c6a6ef0039f1000be90646601050000000000000000000000008c67a7b8624044f8f672e9ec374dfa596f01afb9
[evm-ext/src/native_impl.rs:65:5] &caller = 000000000000000000000000deaddeaddeaddeaddeaddeaddeaddeaddead0001
[evm-ext/src/native_impl.rs:66:5] &caller.to_eth_address() = 0xdeaddeaddeaddeaddeaddeaddeaddeaddead0001
[moved/src/move_execution/deposited.rs:109:5] &outcome = Ok(
    SerializedReturnValues {
        mutable_reference_outputs: [],
        return_values: [
            (
                [
                    1,
                    0,
                    0,
                ],
                Struct(
                    Runtime(
                        [
                            Bool,
                            Vector(
                                U8,
                            ),
                            Vector(
                                Struct(
                                    Runtime(
                                        [
                                            Address,
                                            Vector(
                                                U256,
                                            ),
                                            Vector(
                                                U8,
                                            ),
                                        ],
                                    ),
                                ),
                            ),
                        ],
                    ),
                ),
            ),
        ],
    },
)
[moved/src/move_execution/deposited.rs:112:9] &evm_outcome = EvmNativeOutcome {
    is_success: true,
    output: [],
    logs: [],
}
in mint params func
[moved/src/move_execution/deposited.rs:117:9] &mint_params = None
found empty mint params. logs: []
in deposited
[moved/src/move_execution/deposited.rs:52:5] &input.tx_hash = 0xbb79700f170b0f0da04fbf408c02dd43fa86ede0d1a187180547b28a3e9248c5
[moved/src/move_execution/deposited.rs:53:5] &input.block_header = HeaderForExecution {
    number: 20,
    timestamp: 1741007197,
    prev_randao: 0x3b9bd953cd1ed1f1bd25fe130eeeef89c031898fd99cc7bfc073e24a94e22b8b,
}
in deposited: tx data yes
[moved/src/move_execution/deposited.rs:98:5] &input.tx.data = 0x440a5e2000022950000c5f4f00000000000000000000000067c5a95d000000000000003400000000000000000000000000000000000000000000000000000000000f1ff10000000000000000000000000000000000000000000000000000000000000001164e38a8c3e4c67721e26ef93b8be17ce55e82f058151f5eb6179ac7e64f02160000000000000000000000008c67a7b8624044f8f672e9ec374dfa596f01afb9
[evm-ext/src/native_impl.rs:65:5] &caller = 000000000000000000000000deaddeaddeaddeaddeaddeaddeaddeaddead0001
[evm-ext/src/native_impl.rs:66:5] &caller.to_eth_address() = 0xdeaddeaddeaddeaddeaddeaddeaddeaddead0001
[moved/src/move_execution/deposited.rs:109:5] &outcome = Ok(
    SerializedReturnValues {
        mutable_reference_outputs: [],
        return_values: [
            (
                [
                    1,
                    0,
                    0,
                ],
                Struct(
                    Runtime(
                        [
                            Bool,
                            Vector(
                                U8,
                            ),
                            Vector(
                                Struct(
                                    Runtime(
                                        [
                                            Address,
                                            Vector(
                                                U256,
                                            ),
                                            Vector(
                                                U8,
                                            ),
                                        ],
                                    ),
                                ),
                            ),
                        ],
                    ),
                ),
            ),
        ],
    },
)
[moved/src/move_execution/deposited.rs:112:9] &evm_outcome = EvmNativeOutcome {
    is_success: true,
    output: [],
    logs: [],
}
in mint params func
[moved/src/move_execution/deposited.rs:117:9] &mint_params = None
found empty mint params. logs: []
in deposited
[moved/src/move_execution/deposited.rs:52:5] &input.tx_hash = 0xc1614a074dabcfcab432dba35079bb61dfb02d89e4041172daab7b2813244f80
[moved/src/move_execution/deposited.rs:53:5] &input.block_header = HeaderForExecution {
    number: 21,
    timestamp: 1741007198,
    prev_randao: 0xe022ce6887cf4fc97a861f6c3e9437176deda225fad0d00b579f7297cca17979,
}
in deposited: tx data yes
[moved/src/move_execution/deposited.rs:98:5] &input.tx.data = 0x440a5e2000022950000c5f4f00000000000000000000000067c5a95e000000000000003500000000000000000000000000000000000000000000000000000000000d73760000000000000000000000000000000000000000000000000000000000000001bb9ad6db411193e5827d5136f6ae06b3f208abba32160567ab4c2e21163536150000000000000000000000008c67a7b8624044f8f672e9ec374dfa596f01afb9
[evm-ext/src/native_impl.rs:65:5] &caller = 000000000000000000000000deaddeaddeaddeaddeaddeaddeaddeaddead0001
[evm-ext/src/native_impl.rs:66:5] &caller.to_eth_address() = 0xdeaddeaddeaddeaddeaddeaddeaddeaddead0001
[moved/src/move_execution/deposited.rs:109:5] &outcome = Ok(
    SerializedReturnValues {
        mutable_reference_outputs: [],
        return_values: [
            (
                [
                    1,
                    0,
                    0,
                ],
                Struct(
                    Runtime(
                        [
                            Bool,
                            Vector(
                                U8,
                            ),
                            Vector(
                                Struct(
                                    Runtime(
                                        [
                                            Address,
                                            Vector(
                                                U256,
                                            ),
                                            Vector(
                                                U8,
                                            ),
                                        ],
                                    ),
                                ),
                            ),
                        ],
                    ),
                ),
            ),
        ],
    },
)
[moved/src/move_execution/deposited.rs:112:9] &evm_outcome = EvmNativeOutcome {
    is_success: true,
    output: [],
    logs: [],
}
in mint params func
[moved/src/move_execution/deposited.rs:117:9] &mint_params = None
found empty mint params. logs: []
in deposited
[moved/src/move_execution/deposited.rs:52:5] &input.tx_hash = 0xeff80272403cd5cd85b9a69946804fa3b14635a5bf8125fe674f329538194d7d
[moved/src/move_execution/deposited.rs:53:5] &input.block_header = HeaderForExecution {
    number: 22,
    timestamp: 1741007199,
    prev_randao: 0x3e322cbe205b502fb79dbcfd09a383626d04c32d3c752086dbbd9698975b8160,
}
in deposited: tx data yes
[moved/src/move_execution/deposited.rs:98:5] &input.tx.data = 0x440a5e2000022950000c5f4f00000000000000000000000067c5a95f000000000000003600000000000000000000000000000000000000000000000000000000000cc2a90000000000000000000000000000000000000000000000000000000000000001721ee191cb2e15719d3ca4643cbb8d0d09c1ebcc734ed7248320a90a9cb166200000000000000000000000008c67a7b8624044f8f672e9ec374dfa596f01afb9
[evm-ext/src/native_impl.rs:65:5] &caller = 000000000000000000000000deaddeaddeaddeaddeaddeaddeaddeaddead0001
[evm-ext/src/native_impl.rs:66:5] &caller.to_eth_address() = 0xdeaddeaddeaddeaddeaddeaddeaddeaddead0001
[moved/src/move_execution/deposited.rs:109:5] &outcome = Ok(
    SerializedReturnValues {
        mutable_reference_outputs: [],
        return_values: [
            (
                [
                    1,
                    0,
                    0,
                ],
                Struct(
                    Runtime(
                        [
                            Bool,
                            Vector(
                                U8,
                            ),
                            Vector(
                                Struct(
                                    Runtime(
                                        [
                                            Address,
                                            Vector(
                                                U256,
                                            ),
                                            Vector(
                                                U8,
                                            ),
                                        ],
                                    ),
                                ),
                            ),
                        ],
                    ),
                ),
            ),
        ],
    },
)
[moved/src/move_execution/deposited.rs:112:9] &evm_outcome = EvmNativeOutcome {
    is_success: true,
    output: [],
    logs: [],
}
in mint params func
[moved/src/move_execution/deposited.rs:117:9] &mint_params = None
found empty mint params. logs: []
in deposited
[moved/src/move_execution/deposited.rs:52:5] &input.tx_hash = 0x4d5f01dee4ed27baf1fe919bc306890a6c69e4df27ba9994b6a5110c1812c54d
[moved/src/move_execution/deposited.rs:53:5] &input.block_header = HeaderForExecution {
    number: 23,
    timestamp: 1741007200,
    prev_randao: 0x222877bd8d532200a7c8d3ec7ffaa9a3194c26e072c048bd027a7b58d006b3ff,
}
in deposited: tx data yes
[moved/src/move_execution/deposited.rs:98:5] &input.tx.data = 0x440a5e2000022950000c5f4f00000000000000000000000067c5a960000000000000003700000000000000000000000000000000000000000000000000000000000b398d00000000000000000000000000000000000000000000000000000000000000010fd7d806ec79c05041a2c7188bdd3d653b0821cf62dcc58e788dcef477a0c2a90000000000000000000000008c67a7b8624044f8f672e9ec374dfa596f01afb9
[evm-ext/src/native_impl.rs:65:5] &caller = 000000000000000000000000deaddeaddeaddeaddeaddeaddeaddeaddead0001
[evm-ext/src/native_impl.rs:66:5] &caller.to_eth_address() = 0xdeaddeaddeaddeaddeaddeaddeaddeaddead0001
[moved/src/move_execution/deposited.rs:109:5] &outcome = Ok(
    SerializedReturnValues {
        mutable_reference_outputs: [],
        return_values: [
            (
                [
                    1,
                    0,
                    0,
                ],
                Struct(
                    Runtime(
                        [
                            Bool,
                            Vector(
                                U8,
                            ),
                            Vector(
                                Struct(
                                    Runtime(
                                        [
                                            Address,
                                            Vector(
                                                U256,
                                            ),
                                            Vector(
                                                U8,
                                            ),
                                        ],
                                    ),
                                ),
                            ),
                        ],
                    ),
                ),
            ),
        ],
    },
)
[moved/src/move_execution/deposited.rs:112:9] &evm_outcome = EvmNativeOutcome {
    is_success: true,
    output: [],
    logs: [],
}
in mint params func
[moved/src/move_execution/deposited.rs:117:9] &mint_params = None
found empty mint params. logs: []
in deposited
[moved/src/move_execution/deposited.rs:52:5] &input.tx_hash = 0x5d25eaae9b8613c024969e85b0b40e32b958d80cd24e4fb1b1f54e650e6a4275
[moved/src/move_execution/deposited.rs:53:5] &input.block_header = HeaderForExecution {
    number: 24,
    timestamp: 1741007201,
    prev_randao: 0xf912117390bd2410df9fada4236979f3e2c1ff75ad6eb46b7d40d33fd395c767,
}
in deposited: tx data yes
[moved/src/move_execution/deposited.rs:98:5] &input.tx.data = 0x440a5e2000022950000c5f4f00000000000000000000000067c5a9610000000000000038000000000000000000000000000000000000000000000000000000000009ea5300000000000000000000000000000000000000000000000000000000000000019e41e72850e439947d04cd5145c4fd97932576c0a13069cb7c6fcbc30176d7e60000000000000000000000008c67a7b8624044f8f672e9ec374dfa596f01afb9
[evm-ext/src/native_impl.rs:65:5] &caller = 000000000000000000000000deaddeaddeaddeaddeaddeaddeaddeaddead0001
[evm-ext/src/native_impl.rs:66:5] &caller.to_eth_address() = 0xdeaddeaddeaddeaddeaddeaddeaddeaddead0001
[moved/src/move_execution/deposited.rs:109:5] &outcome = Ok(
    SerializedReturnValues {
        mutable_reference_outputs: [],
        return_values: [
            (
                [
                    1,
                    0,
                    0,
                ],
                Struct(
                    Runtime(
                        [
                            Bool,
                            Vector(
                                U8,
                            ),
                            Vector(
                                Struct(
                                    Runtime(
                                        [
                                            Address,
                                            Vector(
                                                U256,
                                            ),
                                            Vector(
                                                U8,
                                            ),
                                        ],
                                    ),
                                ),
                            ),
                        ],
                    ),
                ),
            ),
        ],
    },
)
[moved/src/move_execution/deposited.rs:112:9] &evm_outcome = EvmNativeOutcome {
    is_success: true,
    output: [],
    logs: [],
}
in mint params func
[moved/src/move_execution/deposited.rs:117:9] &mint_params = None
found empty mint params. logs: []
in deposited
[moved/src/move_execution/deposited.rs:52:5] &input.tx_hash = 0x56dc0db346b2951c748dbafeb768833a5a1b7ca8be2d3dda156b9fd75fdfccaa
[moved/src/move_execution/deposited.rs:53:5] &input.block_header = HeaderForExecution {
    number: 25,
    timestamp: 1741007202,
    prev_randao: 0x86f919019b57bbe5bdfab59fdc3c21b3d9f7ee5bdbfc55cd2b2c4877a8560696,
}
in deposited: tx data yes
[moved/src/move_execution/deposited.rs:98:5] &input.tx.data = 0x440a5e2000022950000c5f4f00000000000000000000000067c5a9620000000000000039000000000000000000000000000000000000000000000000000000000008fa9100000000000000000000000000000000000000000000000000000000000000015381603267534c19d9ae6fbfcbc638cf49bf36dbcaaee48ae09c9c33d9b47a070000000000000000000000008c67a7b8624044f8f672e9ec374dfa596f01afb9
[evm-ext/src/native_impl.rs:65:5] &caller = 000000000000000000000000deaddeaddeaddeaddeaddeaddeaddeaddead0001
[evm-ext/src/native_impl.rs:66:5] &caller.to_eth_address() = 0xdeaddeaddeaddeaddeaddeaddeaddeaddead0001
[moved/src/move_execution/deposited.rs:109:5] &outcome = Ok(
    SerializedReturnValues {
        mutable_reference_outputs: [],
        return_values: [
            (
                [
                    1,
                    0,
                    0,
                ],
                Struct(
                    Runtime(
                        [
                            Bool,
                            Vector(
                                U8,
                            ),
                            Vector(
                                Struct(
                                    Runtime(
                                        [
                                            Address,
                                            Vector(
                                                U256,
                                            ),
                                            Vector(
                                                U8,
                                            ),
                                        ],
                                    ),
                                ),
                            ),
                        ],
                    ),
                ),
            ),
        ],
    },
)
[moved/src/move_execution/deposited.rs:112:9] &evm_outcome = EvmNativeOutcome {
    is_success: true,
    output: [],
    logs: [],
}
in mint params func
[moved/src/move_execution/deposited.rs:117:9] &mint_params = None
found empty mint params. logs: []
in deposited
[moved/src/move_execution/deposited.rs:52:5] &input.tx_hash = 0x30a71cf26c7b7a17e658202d93731137e4ec4a40e9cf86c6ccf37a62384af01b
[moved/src/move_execution/deposited.rs:53:5] &input.block_header = HeaderForExecution {
    number: 26,
    timestamp: 1741007203,
    prev_randao: 0xbbe6ba5e38fa67dd379a6281344294f4be4d66073598bafa9a91732608c7f724,
}
in deposited: tx data yes
[moved/src/move_execution/deposited.rs:98:5] &input.tx.data = 0x440a5e2000022950000c5f4f00000000000000000000000067c5a963000000000000003a000000000000000000000000000000000000000000000000000000000007dd6c00000000000000000000000000000000000000000000000000000000000000011aa3e50faedcec79c8363e35916abfd7851409195e19a50608e6d916389222aa0000000000000000000000008c67a7b8624044f8f672e9ec374dfa596f01afb9
[evm-ext/src/native_impl.rs:65:5] &caller = 000000000000000000000000deaddeaddeaddeaddeaddeaddeaddeaddead0001
[evm-ext/src/native_impl.rs:66:5] &caller.to_eth_address() = 0xdeaddeaddeaddeaddeaddeaddeaddeaddead0001
[moved/src/move_execution/deposited.rs:109:5] &outcome = Ok(
    SerializedReturnValues {
        mutable_reference_outputs: [],
        return_values: [
            (
                [
                    1,
                    0,
                    0,
                ],
                Struct(
                    Runtime(
                        [
                            Bool,
                            Vector(
                                U8,
                            ),
                            Vector(
                                Struct(
                                    Runtime(
                                        [
                                            Address,
                                            Vector(
                                                U256,
                                            ),
                                            Vector(
                                                U8,
                                            ),
                                        ],
                                    ),
                                ),
                            ),
                        ],
                    ),
                ),
            ),
        ],
    },
)
[moved/src/move_execution/deposited.rs:112:9] &evm_outcome = EvmNativeOutcome {
    is_success: true,
    output: [],
    logs: [],
}
in mint params func
[moved/src/move_execution/deposited.rs:117:9] &mint_params = None
found empty mint params. logs: []
in deposited
[moved/src/move_execution/deposited.rs:52:5] &input.tx_hash = 0x3427b1d7e661789bbbf5b4a92294fc8c7af16161fab15a168e2d35ae4de4442e
[moved/src/move_execution/deposited.rs:53:5] &input.block_header = HeaderForExecution {
    number: 27,
    timestamp: 1741007204,
    prev_randao: 0xfacdd46725b5de8c60b0c1585b4a86b122e4db823b6af90668682eeb35356a14,
}
in deposited: tx data yes
[moved/src/move_execution/deposited.rs:98:5] &input.tx.data = 0x440a5e2000022950000c5f4f00000000000000000000000067c5a964000000000000003b000000000000000000000000000000000000000000000000000000000006e2ed000000000000000000000000000000000000000000000000000000000000000113466d8851316502d12030a88b47af8570422899c96998f2f6db3cf69f8ddf360000000000000000000000008c67a7b8624044f8f672e9ec374dfa596f01afb9
[evm-ext/src/native_impl.rs:65:5] &caller = 000000000000000000000000deaddeaddeaddeaddeaddeaddeaddeaddead0001
[evm-ext/src/native_impl.rs:66:5] &caller.to_eth_address() = 0xdeaddeaddeaddeaddeaddeaddeaddeaddead0001
[moved/src/move_execution/deposited.rs:109:5] &outcome = Ok(
    SerializedReturnValues {
        mutable_reference_outputs: [],
        return_values: [
            (
                [
                    1,
                    0,
                    0,
                ],
                Struct(
                    Runtime(
                        [
                            Bool,
                            Vector(
                                U8,
                            ),
                            Vector(
                                Struct(
                                    Runtime(
                                        [
                                            Address,
                                            Vector(
                                                U256,
                                            ),
                                            Vector(
                                                U8,
                                            ),
                                        ],
                                    ),
                                ),
                            ),
                        ],
                    ),
                ),
            ),
        ],
    },
)
[moved/src/move_execution/deposited.rs:112:9] &evm_outcome = EvmNativeOutcome {
    is_success: true,
    output: [],
    logs: [],
}
in mint params func
[moved/src/move_execution/deposited.rs:117:9] &mint_params = None
found empty mint params. logs: []
in deposited
[moved/src/move_execution/deposited.rs:52:5] &input.tx_hash = 0xf340fd5b3cb10af4706e10e19db6e006fe059d6e28b39dd496672f6eae939fa9
[moved/src/move_execution/deposited.rs:53:5] &input.block_header = HeaderForExecution {
    number: 28,
    timestamp: 1741007205,
    prev_randao: 0x20d2c80e7bb53be2c1a3025fa21005a34cd175ed4c6e165cbea388fa987e855c,
}
in deposited: tx data yes
[moved/src/move_execution/deposited.rs:98:5] &input.tx.data = 0x440a5e2000022950000c5f4f00000000000000000000000067c5a965000000000000003c000000000000000000000000000000000000000000000000000000000006198d000000000000000000000000000000000000000000000000000000000000000163d8b71c46649d704db3f847adc582bbd221578cce8d41edb751102c50a42dbf0000000000000000000000008c67a7b8624044f8f672e9ec374dfa596f01afb9
[evm-ext/src/native_impl.rs:65:5] &caller = 000000000000000000000000deaddeaddeaddeaddeaddeaddeaddeaddead0001
[evm-ext/src/native_impl.rs:66:5] &caller.to_eth_address() = 0xdeaddeaddeaddeaddeaddeaddeaddeaddead0001
[moved/src/move_execution/deposited.rs:109:5] &outcome = Ok(
    SerializedReturnValues {
        mutable_reference_outputs: [],
        return_values: [
            (
                [
                    1,
                    0,
                    0,
                ],
                Struct(
                    Runtime(
                        [
                            Bool,
                            Vector(
                                U8,
                            ),
                            Vector(
                                Struct(
                                    Runtime(
                                        [
                                            Address,
                                            Vector(
                                                U256,
                                            ),
                                            Vector(
                                                U8,
                                            ),
                                        ],
                                    ),
                                ),
                            ),
                        ],
                    ),
                ),
            ),
        ],
    },
)
[moved/src/move_execution/deposited.rs:112:9] &evm_outcome = EvmNativeOutcome {
    is_success: true,
    output: [],
    logs: [],
}
in mint params func
[moved/src/move_execution/deposited.rs:117:9] &mint_params = None
found empty mint params. logs: []
in deposited
[moved/src/move_execution/deposited.rs:52:5] &input.tx_hash = 0x65b36b3a55566ad1129d55543fa967a063033e7a09fa51535f48a3a2a5684a00
[moved/src/move_execution/deposited.rs:53:5] &input.block_header = HeaderForExecution {
    number: 29,
    timestamp: 1741007206,
    prev_randao: 0x935290f42ca475d28116f2163675fe8c6c797df5cc05c2d21f8a4f4898a4b019,
}
in deposited: tx data yes
[moved/src/move_execution/deposited.rs:98:5] &input.tx.data = 0x440a5e2000022950000c5f4f00000000000000000000000067c5a966000000000000003d0000000000000000000000000000000000000000000000000000000000056a0900000000000000000000000000000000000000000000000000000000000000016e3ab6fa28f96e6c7c71ef304f635d3e33ea5ca02c993840d31d04a49455c69e0000000000000000000000008c67a7b8624044f8f672e9ec374dfa596f01afb9
[evm-ext/src/native_impl.rs:65:5] &caller = 000000000000000000000000deaddeaddeaddeaddeaddeaddeaddeaddead0001
[evm-ext/src/native_impl.rs:66:5] &caller.to_eth_address() = 0xdeaddeaddeaddeaddeaddeaddeaddeaddead0001
[moved/src/move_execution/deposited.rs:109:5] &outcome = Ok(
    SerializedReturnValues {
        mutable_reference_outputs: [],
        return_values: [
            (
                [
                    1,
                    0,
                    0,
                ],
                Struct(
                    Runtime(
                        [
                            Bool,
                            Vector(
                                U8,
                            ),
                            Vector(
                                Struct(
                                    Runtime(
                                        [
                                            Address,
                                            Vector(
                                                U256,
                                            ),
                                            Vector(
                                                U8,
                                            ),
                                        ],
                                    ),
                                ),
                            ),
                        ],
                    ),
                ),
            ),
        ],
    },
)
[moved/src/move_execution/deposited.rs:112:9] &evm_outcome = EvmNativeOutcome {
    is_success: true,
    output: [],
    logs: [],
}
in mint params func
[moved/src/move_execution/deposited.rs:117:9] &mint_params = None
found empty mint params. logs: []
in deposited
[moved/src/move_execution/deposited.rs:52:5] &input.tx_hash = 0xb6d384b8e166a66f8ee29822c1c86899c910178263a87d8e5a69893f03979a64
[moved/src/move_execution/deposited.rs:53:5] &input.block_header = HeaderForExecution {
    number: 30,
    timestamp: 1741007207,
    prev_randao: 0x9a564d51e18035d88562940b3bb59fe868112fd3d7d38138266ec3793b4a09ef,
}
in deposited: tx data yes
[moved/src/move_execution/deposited.rs:98:5] &input.tx.data = 0x440a5e2000022950000c5f4f00000000000000000000000067c5a967000000000000003e000000000000000000000000000000000000000000000000000000000004c12c000000000000000000000000000000000000000000000000000000000000000138a52087b13bc107a9e949e175b75b1103b09dd8c68e70196f0863147d5562030000000000000000000000008c67a7b8624044f8f672e9ec374dfa596f01afb9
[evm-ext/src/native_impl.rs:65:5] &caller = 000000000000000000000000deaddeaddeaddeaddeaddeaddeaddeaddead0001
[evm-ext/src/native_impl.rs:66:5] &caller.to_eth_address() = 0xdeaddeaddeaddeaddeaddeaddeaddeaddead0001
[moved/src/move_execution/deposited.rs:109:5] &outcome = Ok(
    SerializedReturnValues {
        mutable_reference_outputs: [],
        return_values: [
            (
                [
                    1,
                    0,
                    0,
                ],
                Struct(
                    Runtime(
                        [
                            Bool,
                            Vector(
                                U8,
                            ),
                            Vector(
                                Struct(
                                    Runtime(
                                        [
                                            Address,
                                            Vector(
                                                U256,
                                            ),
                                            Vector(
                                                U8,
                                            ),
                                        ],
                                    ),
                                ),
                            ),
                        ],
                    ),
                ),
            ),
        ],
    },
)
[moved/src/move_execution/deposited.rs:112:9] &evm_outcome = EvmNativeOutcome {
    is_success: true,
    output: [],
    logs: [],
}
in mint params func
[moved/src/move_execution/deposited.rs:117:9] &mint_params = None
found empty mint params. logs: []
in deposited
[moved/src/move_execution/deposited.rs:52:5] &input.tx_hash = 0xaf549e87a20effbf401b38a6b1008e87dcb8c06db5e8a7e94497c7d35a7e2bea
[moved/src/move_execution/deposited.rs:53:5] &input.block_header = HeaderForExecution {
    number: 31,
    timestamp: 1741007208,
    prev_randao: 0xf42cf8e8c6b9ceb7e35cc765483f0e56d21b3144eb628737628693d9f4070369,
}
in deposited: tx data yes
[moved/src/move_execution/deposited.rs:98:5] &input.tx.data = 0x440a5e2000022950000c5f4f00000000000000000000000067c5a968000000000000003f000000000000000000000000000000000000000000000000000000000004361a0000000000000000000000000000000000000000000000000000000000000001260d4fb9c48b474fbd04b55282b417795d1596f25adc83dce1bc855596cd41ae0000000000000000000000008c67a7b8624044f8f672e9ec374dfa596f01afb9
[evm-ext/src/native_impl.rs:65:5] &caller = 000000000000000000000000deaddeaddeaddeaddeaddeaddeaddeaddead0001
[evm-ext/src/native_impl.rs:66:5] &caller.to_eth_address() = 0xdeaddeaddeaddeaddeaddeaddeaddeaddead0001
[moved/src/move_execution/deposited.rs:109:5] &outcome = Ok(
    SerializedReturnValues {
        mutable_reference_outputs: [],
        return_values: [
            (
                [
                    1,
                    0,
                    0,
                ],
                Struct(
                    Runtime(
                        [
                            Bool,
                            Vector(
                                U8,
                            ),
                            Vector(
                                Struct(
                                    Runtime(
                                        [
                                            Address,
                                            Vector(
                                                U256,
                                            ),
                                            Vector(
                                                U8,
                                            ),
                                        ],
                                    ),
                                ),
                            ),
                        ],
                    ),
                ),
            ),
        ],
    },
)
[moved/src/move_execution/deposited.rs:112:9] &evm_outcome = EvmNativeOutcome {
    is_success: true,
    output: [],
    logs: [],
}
in mint params func
[moved/src/move_execution/deposited.rs:117:9] &mint_params = None
found empty mint params. logs: []
in deposited
[moved/src/move_execution/deposited.rs:52:5] &input.tx_hash = 0xb8177f685bfa49388bed41dec0f6a52ff7f042640246f1e3dfb282c7cf38f061
[moved/src/move_execution/deposited.rs:53:5] &input.block_header = HeaderForExecution {
    number: 32,
    timestamp: 1741007209,
    prev_randao: 0xb09e7bb4cb78bd802c93abec8a4fcb790b0d3bd0497224bcae06cad9994c24f6,
}
in deposited: tx data yes
[moved/src/move_execution/deposited.rs:98:5] &input.tx.data = 0x440a5e2000022950000c5f4f00000000000000000000000067c5a9690000000000000040000000000000000000000000000000000000000000000000000000000003be9b0000000000000000000000000000000000000000000000000000000000000001e000694495d2314a56ddd025148a4e3e486ec83e3d58951527f4ce2a40555a350000000000000000000000008c67a7b8624044f8f672e9ec374dfa596f01afb9
[evm-ext/src/native_impl.rs:65:5] &caller = 000000000000000000000000deaddeaddeaddeaddeaddeaddeaddeaddead0001
[evm-ext/src/native_impl.rs:66:5] &caller.to_eth_address() = 0xdeaddeaddeaddeaddeaddeaddeaddeaddead0001
[moved/src/move_execution/deposited.rs:109:5] &outcome = Ok(
    SerializedReturnValues {
        mutable_reference_outputs: [],
        return_values: [
            (
                [
                    1,
                    0,
                    0,
                ],
                Struct(
                    Runtime(
                        [
                            Bool,
                            Vector(
                                U8,
                            ),
                            Vector(
                                Struct(
                                    Runtime(
                                        [
                                            Address,
                                            Vector(
                                                U256,
                                            ),
                                            Vector(
                                                U8,
                                            ),
                                        ],
                                    ),
                                ),
                            ),
                        ],
                    ),
                ),
            ),
        ],
    },
)
[moved/src/move_execution/deposited.rs:112:9] &evm_outcome = EvmNativeOutcome {
    is_success: true,
    output: [],
    logs: [],
}
in mint params func
[moved/src/move_execution/deposited.rs:117:9] &mint_params = None
found empty mint params. logs: []
in deposited
[moved/src/move_execution/deposited.rs:52:5] &input.tx_hash = 0x9a7e94bfa8bb59d7b27c6e7430a5031961cf13ffa01067cb878c7f1d48e05239
[moved/src/move_execution/deposited.rs:53:5] &input.block_header = HeaderForExecution {
    number: 33,
    timestamp: 1741007210,
    prev_randao: 0xa906001c4e0fc4634d435bea77ec7ccd0265f4bad99bf48953062301436c4fb0,
}
in deposited: tx data yes
[moved/src/move_execution/deposited.rs:98:5] &input.tx.data = 0x440a5e2000022950000c5f4f00000000000000000000000067c5a96a000000000000004100000000000000000000000000000000000000000000000000000000000349b50000000000000000000000000000000000000000000000000000000000000001de35b1c8970ba73e8109967a36aba32233d5dfc78c70a26ac19a888e436e23f20000000000000000000000008c67a7b8624044f8f672e9ec374dfa596f01afb9
[evm-ext/src/native_impl.rs:65:5] &caller = 000000000000000000000000deaddeaddeaddeaddeaddeaddeaddeaddead0001
[evm-ext/src/native_impl.rs:66:5] &caller.to_eth_address() = 0xdeaddeaddeaddeaddeaddeaddeaddeaddead0001
[moved/src/move_execution/deposited.rs:109:5] &outcome = Ok(
    SerializedReturnValues {
        mutable_reference_outputs: [],
        return_values: [
            (
                [
                    1,
                    0,
                    0,
                ],
                Struct(
                    Runtime(
                        [
                            Bool,
                            Vector(
                                U8,
                            ),
                            Vector(
                                Struct(
                                    Runtime(
                                        [
                                            Address,
                                            Vector(
                                                U256,
                                            ),
                                            Vector(
                                                U8,
                                            ),
                                        ],
                                    ),
                                ),
                            ),
                        ],
                    ),
                ),
            ),
        ],
    },
)
[moved/src/move_execution/deposited.rs:112:9] &evm_outcome = EvmNativeOutcome {
    is_success: true,
    output: [],
    logs: [],
}
in mint params func
[moved/src/move_execution/deposited.rs:117:9] &mint_params = None
found empty mint params. logs: []
in deposited
[moved/src/move_execution/deposited.rs:52:5] &input.tx_hash = 0x87c987ca8cbd2cc9fe7f8098eee4e41faf8704138397de82b719f8b4c07c60f1
[moved/src/move_execution/deposited.rs:53:5] &input.block_header = HeaderForExecution {
    number: 34,
    timestamp: 1741007211,
    prev_randao: 0x4c341514a1c7e52ca0765e4ea87fd7215da83a7b346de0aa392820a88e9010c6,
}
in deposited: tx data yes
[moved/src/move_execution/deposited.rs:98:5] &input.tx.data = 0x440a5e2000022950000c5f4f00000000000000000000000067c5a96b0000000000000042000000000000000000000000000000000000000000000000000000000002e9820000000000000000000000000000000000000000000000000000000000000001901b750b5c367fe67253b06dcd9ee1eabf92349e9b547cc1c6ed41d5ebeb12900000000000000000000000008c67a7b8624044f8f672e9ec374dfa596f01afb9
[evm-ext/src/native_impl.rs:65:5] &caller = 000000000000000000000000deaddeaddeaddeaddeaddeaddeaddeaddead0001
[evm-ext/src/native_impl.rs:66:5] &caller.to_eth_address() = 0xdeaddeaddeaddeaddeaddeaddeaddeaddead0001
[moved/src/move_execution/deposited.rs:109:5] &outcome = Ok(
    SerializedReturnValues {
        mutable_reference_outputs: [],
        return_values: [
            (
                [
                    1,
                    0,
                    0,
                ],
                Struct(
                    Runtime(
                        [
                            Bool,
                            Vector(
                                U8,
                            ),
                            Vector(
                                Struct(
                                    Runtime(
                                        [
                                            Address,
                                            Vector(
                                                U256,
                                            ),
                                            Vector(
                                                U8,
                                            ),
                                        ],
                                    ),
                                ),
                            ),
                        ],
                    ),
                ),
            ),
        ],
    },
)
[moved/src/move_execution/deposited.rs:112:9] &evm_outcome = EvmNativeOutcome {
    is_success: true,
    output: [],
    logs: [],
}
in mint params func
[moved/src/move_execution/deposited.rs:117:9] &mint_params = None
found empty mint params. logs: []
in deposited
[moved/src/move_execution/deposited.rs:52:5] &input.tx_hash = 0x81c29d765911783cd066dc3badbc04d550995894457f0cc6b467affc6723127a
[moved/src/move_execution/deposited.rs:53:5] &input.block_header = HeaderForExecution {
    number: 35,
    timestamp: 1741007212,
    prev_randao: 0xbaa4664fba29d39fcad394e7ad7d2b53423ec008dcf5d0b7e3f49bca67378846,
}
in deposited: tx data yes
[moved/src/move_execution/deposited.rs:98:5] &input.tx.data = 0x440a5e2000022950000c5f4f00000000000000000000000067c5a96c0000000000000043000000000000000000000000000000000000000000000000000000000002944c00000000000000000000000000000000000000000000000000000000000000015393aa15832d9d1e31978c98c707223c8a4e07b8de2494f70264fbc0cdeaccd30000000000000000000000008c67a7b8624044f8f672e9ec374dfa596f01afb9
[evm-ext/src/native_impl.rs:65:5] &caller = 000000000000000000000000deaddeaddeaddeaddeaddeaddeaddeaddead0001
[evm-ext/src/native_impl.rs:66:5] &caller.to_eth_address() = 0xdeaddeaddeaddeaddeaddeaddeaddeaddead0001
[moved/src/move_execution/deposited.rs:109:5] &outcome = Ok(
    SerializedReturnValues {
        mutable_reference_outputs: [],
        return_values: [
            (
                [
                    1,
                    0,
                    0,
                ],
                Struct(
                    Runtime(
                        [
                            Bool,
                            Vector(
                                U8,
                            ),
                            Vector(
                                Struct(
                                    Runtime(
                                        [
                                            Address,
                                            Vector(
                                                U256,
                                            ),
                                            Vector(
                                                U8,
                                            ),
                                        ],
                                    ),
                                ),
                            ),
                        ],
                    ),
                ),
            ),
        ],
    },
)
[moved/src/move_execution/deposited.rs:112:9] &evm_outcome = EvmNativeOutcome {
    is_success: true,
    output: [],
    logs: [],
}
in mint params func
[moved/src/move_execution/deposited.rs:117:9] &mint_params = None
found empty mint params. logs: []
in deposited
[moved/src/move_execution/deposited.rs:52:5] &input.tx_hash = 0xc187b9c6a07abbe254ca7202c7ad35355317df476579197ee4fa44c87b7dc297
[moved/src/move_execution/deposited.rs:53:5] &input.block_header = HeaderForExecution {
    number: 36,
    timestamp: 1741007213,
    prev_randao: 0x0dbbc7a74ec5bc0159e9e97c4018e329a837accea58be027b34aa7e551a947d0,
}
in deposited: tx data yes
[moved/src/move_execution/deposited.rs:98:5] &input.tx.data = 0x440a5e2000022950000c5f4f00000000000000000000000067c5a96d000000000000004400000000000000000000000000000000000000000000000000000000000249f40000000000000000000000000000000000000000000000000000000000000001550db9be46189bb96fd33a3967bb17c2893e00a5a33a97e3d4c81a986b42e3990000000000000000000000008c67a7b8624044f8f672e9ec374dfa596f01afb9
[evm-ext/src/native_impl.rs:65:5] &caller = 000000000000000000000000deaddeaddeaddeaddeaddeaddeaddeaddead0001
[evm-ext/src/native_impl.rs:66:5] &caller.to_eth_address() = 0xdeaddeaddeaddeaddeaddeaddeaddeaddead0001
[moved/src/move_execution/deposited.rs:109:5] &outcome = Ok(
    SerializedReturnValues {
        mutable_reference_outputs: [],
        return_values: [
            (
                [
                    1,
                    0,
                    0,
                ],
                Struct(
                    Runtime(
                        [
                            Bool,
                            Vector(
                                U8,
                            ),
                            Vector(
                                Struct(
                                    Runtime(
                                        [
                                            Address,
                                            Vector(
                                                U256,
                                            ),
                                            Vector(
                                                U8,
                                            ),
                                        ],
                                    ),
                                ),
                            ),
                        ],
                    ),
                ),
            ),
        ],
    },
)
[moved/src/move_execution/deposited.rs:112:9] &evm_outcome = EvmNativeOutcome {
    is_success: true,
    output: [],
    logs: [],
}
in mint params func
[moved/src/move_execution/deposited.rs:117:9] &mint_params = None
found empty mint params. logs: []
in deposited
[moved/src/move_execution/deposited.rs:52:5] &input.tx_hash = 0xed50c1873ca4cadcf7b925ce6c05fd81b445514a370a402fcfb5e386cf2f0217
[moved/src/move_execution/deposited.rs:53:5] &input.block_header = HeaderForExecution {
    number: 37,
    timestamp: 1741007214,
    prev_randao: 0xb326062276431cd8f3ef235ab8669204308af1b2db4109410b62eaff4b64276d,
}
in deposited: tx data yes
[moved/src/move_execution/deposited.rs:98:5] &input.tx.data = 0x440a5e2000022950000c5f4f00000000000000000000000067c5a96e000000000000004500000000000000000000000000000000000000000000000000000000000204130000000000000000000000000000000000000000000000000000000000000001230ab1cb8a0570c30e9ef0b617cab054b27bdcbdeaa9f49b03de4b2a0971d4f30000000000000000000000008c67a7b8624044f8f672e9ec374dfa596f01afb9
[evm-ext/src/native_impl.rs:65:5] &caller = 000000000000000000000000deaddeaddeaddeaddeaddeaddeaddeaddead0001
[evm-ext/src/native_impl.rs:66:5] &caller.to_eth_address() = 0xdeaddeaddeaddeaddeaddeaddeaddeaddead0001
[moved/src/move_execution/deposited.rs:109:5] &outcome = Ok(
    SerializedReturnValues {
        mutable_reference_outputs: [],
        return_values: [
            (
                [
                    1,
                    0,
                    0,
                ],
                Struct(
                    Runtime(
                        [
                            Bool,
                            Vector(
                                U8,
                            ),
                            Vector(
                                Struct(
                                    Runtime(
                                        [
                                            Address,
                                            Vector(
                                                U256,
                                            ),
                                            Vector(
                                                U8,
                                            ),
                                        ],
                                    ),
                                ),
                            ),
                        ],
                    ),
                ),
            ),
        ],
    },
)
[moved/src/move_execution/deposited.rs:112:9] &evm_outcome = EvmNativeOutcome {
    is_success: true,
    output: [],
    logs: [],
}
in mint params func
[moved/src/move_execution/deposited.rs:117:9] &mint_params = None
found empty mint params. logs: []
in deposited
[moved/src/move_execution/deposited.rs:52:5] &input.tx_hash = 0xa0ad30ae6c7cf2d880fa932cf6ca963c55220f360ec3e0c0b235136e2456166a
[moved/src/move_execution/deposited.rs:53:5] &input.block_header = HeaderForExecution {
    number: 38,
    timestamp: 1741007215,
    prev_randao: 0x0f734bb0db33107b0064c650d5d5f65fce2a6a27aafabe93953a4ce424edd9a6,
}
in deposited: tx data yes
[moved/src/move_execution/deposited.rs:98:5] &input.tx.data = 0x440a5e2000022950000c5f4f00000000000000000000000067c5a96f0000000000000046000000000000000000000000000000000000000000000000000000000001c91200000000000000000000000000000000000000000000000000000000000000019bf5c0d9f3c569de63aecde234e732163ffa91887628f605ac320a8e1c3d5b340000000000000000000000008c67a7b8624044f8f672e9ec374dfa596f01afb9
[evm-ext/src/native_impl.rs:65:5] &caller = 000000000000000000000000deaddeaddeaddeaddeaddeaddeaddeaddead0001
[evm-ext/src/native_impl.rs:66:5] &caller.to_eth_address() = 0xdeaddeaddeaddeaddeaddeaddeaddeaddead0001
[moved/src/move_execution/deposited.rs:109:5] &outcome = Ok(
    SerializedReturnValues {
        mutable_reference_outputs: [],
        return_values: [
            (
                [
                    1,
                    0,
                    0,
                ],
                Struct(
                    Runtime(
                        [
                            Bool,
                            Vector(
                                U8,
                            ),
                            Vector(
                                Struct(
                                    Runtime(
                                        [
                                            Address,
                                            Vector(
                                                U256,
                                            ),
                                            Vector(
                                                U8,
                                            ),
                                        ],
                                    ),
                                ),
                            ),
                        ],
                    ),
                ),
            ),
        ],
    },
)
[moved/src/move_execution/deposited.rs:112:9] &evm_outcome = EvmNativeOutcome {
    is_success: true,
    output: [],
    logs: [],
}
in mint params func
[moved/src/move_execution/deposited.rs:117:9] &mint_params = None
found empty mint params. logs: []
in deposited
[moved/src/move_execution/deposited.rs:52:5] &input.tx_hash = 0x72ce5d73ba38d7a7a5af5b455735147bbeccdbb5df26ca27905c523adc3d1ddd
[moved/src/move_execution/deposited.rs:53:5] &input.block_header = HeaderForExecution {
    number: 39,
    timestamp: 1741007216,
    prev_randao: 0x0474dbdaa2ac4a5d7d32e27aaca0925b08bf7c2cce1e75d04edeb1d05cc36703,
}
in deposited: tx data yes
[moved/src/move_execution/deposited.rs:98:5] &input.tx.data = 0x440a5e2000022950000c5f4f00000000000000000000000067c5a970000000000000004700000000000000000000000000000000000000000000000000000000000194cf0000000000000000000000000000000000000000000000000000000000000001ec8719f46a8bb014580c2cb8d1c65736954f85ddf21617db0f5fb0432fd00a7e0000000000000000000000008c67a7b8624044f8f672e9ec374dfa596f01afb9
[evm-ext/src/native_impl.rs:65:5] &caller = 000000000000000000000000deaddeaddeaddeaddeaddeaddeaddeaddead0001
[evm-ext/src/native_impl.rs:66:5] &caller.to_eth_address() = 0xdeaddeaddeaddeaddeaddeaddeaddeaddead0001
[moved/src/move_execution/deposited.rs:109:5] &outcome = Ok(
    SerializedReturnValues {
        mutable_reference_outputs: [],
        return_values: [
            (
                [
                    1,
                    0,
                    0,
                ],
                Struct(
                    Runtime(
                        [
                            Bool,
                            Vector(
                                U8,
                            ),
                            Vector(
                                Struct(
                                    Runtime(
                                        [
                                            Address,
                                            Vector(
                                                U256,
                                            ),
                                            Vector(
                                                U8,
                                            ),
                                        ],
                                    ),
                                ),
                            ),
                        ],
                    ),
                ),
            ),
        ],
    },
)
[moved/src/move_execution/deposited.rs:112:9] &evm_outcome = EvmNativeOutcome {
    is_success: true,
    output: [],
    logs: [],
}
in mint params func
[moved/src/move_execution/deposited.rs:117:9] &mint_params = None
found empty mint params. logs: []
in deposited
[moved/src/move_execution/deposited.rs:52:5] &input.tx_hash = 0x64178a9c1cf4762d40e82a84e8d9bd201e0661f1708022eef49730012e23bd03
[moved/src/move_execution/deposited.rs:53:5] &input.block_header = HeaderForExecution {
    number: 40,
    timestamp: 1741007217,
    prev_randao: 0xb0cedbbbef8bb53c8f0f5ab27875378d73c905688c8d89cad367cacdb4e4348f,
}
in deposited: tx data yes
[moved/src/move_execution/deposited.rs:98:5] &input.tx.data = 0x440a5e2000022950000c5f4f00000000000000000000000067c5a97100000000000000480000000000000000000000000000000000000000000000000000000000016685000000000000000000000000000000000000000000000000000000000000000194049b2413f0ca46f1e717c5427e5757336d08f99c9e44899cf0d8cd5aeba5e00000000000000000000000008c67a7b8624044f8f672e9ec374dfa596f01afb9
[evm-ext/src/native_impl.rs:65:5] &caller = 000000000000000000000000deaddeaddeaddeaddeaddeaddeaddeaddead0001
[evm-ext/src/native_impl.rs:66:5] &caller.to_eth_address() = 0xdeaddeaddeaddeaddeaddeaddeaddeaddead0001
[moved/src/move_execution/deposited.rs:109:5] &outcome = Ok(
    SerializedReturnValues {
        mutable_reference_outputs: [],
        return_values: [
            (
                [
                    1,
                    0,
                    0,
                ],
                Struct(
                    Runtime(
                        [
                            Bool,
                            Vector(
                                U8,
                            ),
                            Vector(
                                Struct(
                                    Runtime(
                                        [
                                            Address,
                                            Vector(
                                                U256,
                                            ),
                                            Vector(
                                                U8,
                                            ),
                                        ],
                                    ),
                                ),
                            ),
                        ],
                    ),
                ),
            ),
        ],
    },
)
[moved/src/move_execution/deposited.rs:112:9] &evm_outcome = EvmNativeOutcome {
    is_success: true,
    output: [],
    logs: [],
}
in mint params func
[moved/src/move_execution/deposited.rs:117:9] &mint_params = None
found empty mint params. logs: []
in deposited
[moved/src/move_execution/deposited.rs:52:5] &input.tx_hash = 0x354493fb0f071c082e71a26c05c4b1e54d36f8d6244aa6214ad6670bea1318bd
[moved/src/move_execution/deposited.rs:53:5] &input.block_header = HeaderForExecution {
    number: 41,
    timestamp: 1741007218,
    prev_randao: 0xd66337020bf8ffad581e85936b0b51b49bb9eee20f4538ca3932c3a80c62614d,
}
in deposited: tx data yes
[moved/src/move_execution/deposited.rs:98:5] &input.tx.data = 0x440a5e2000022950000c5f4f00000000000000000000000067c5a97200000000000000490000000000000000000000000000000000000000000000000000000000013d8500000000000000000000000000000000000000000000000000000000000000012d91d3494f9fd4e205f8552c4ddfad90dfa6c0313291e35d6b3fd28573d9c9330000000000000000000000008c67a7b8624044f8f672e9ec374dfa596f01afb9
[evm-ext/src/native_impl.rs:65:5] &caller = 000000000000000000000000deaddeaddeaddeaddeaddeaddeaddeaddead0001
[evm-ext/src/native_impl.rs:66:5] &caller.to_eth_address() = 0xdeaddeaddeaddeaddeaddeaddeaddeaddead0001
[moved/src/move_execution/deposited.rs:109:5] &outcome = Ok(
    SerializedReturnValues {
        mutable_reference_outputs: [],
        return_values: [
            (
                [
                    1,
                    0,
                    0,
                ],
                Struct(
                    Runtime(
                        [
                            Bool,
                            Vector(
                                U8,
                            ),
                            Vector(
                                Struct(
                                    Runtime(
                                        [
                                            Address,
                                            Vector(
                                                U256,
                                            ),
                                            Vector(
                                                U8,
                                            ),
                                        ],
                                    ),
                                ),
                            ),
                        ],
                    ),
                ),
            ),
        ],
    },
)
[moved/src/move_execution/deposited.rs:112:9] &evm_outcome = EvmNativeOutcome {
    is_success: true,
    output: [],
    logs: [],
}
in mint params func
[moved/src/move_execution/deposited.rs:117:9] &mint_params = None
found empty mint params. logs: []
in deposited
[moved/src/move_execution/deposited.rs:52:5] &input.tx_hash = 0x1f522da78d7bc299da79dab8329ce6392d48b5d14ebe805c2c8d424da5f52c63
[moved/src/move_execution/deposited.rs:53:5] &input.block_header = HeaderForExecution {
    number: 42,
    timestamp: 1741007219,
    prev_randao: 0x38c54086e509c3eb7ba17f1a0ce8b42f5ea52ed095ce608fba0d9f1a7665c9f5,
}
in deposited: tx data yes
[moved/src/move_execution/deposited.rs:98:5] &input.tx.data = 0x440a5e2000022950000c5f4f00000000000000000000000067c5a973000000000000004a0000000000000000000000000000000000000000000000000000000000011935000000000000000000000000000000000000000000000000000000000000000158d9bce2884cc7f37d7b6adcd9aeda4ed87349bb6c84c1db789fbdb29aa0a6d40000000000000000000000008c67a7b8624044f8f672e9ec374dfa596f01afb9
[evm-ext/src/native_impl.rs:65:5] &caller = 000000000000000000000000deaddeaddeaddeaddeaddeaddeaddeaddead0001
[evm-ext/src/native_impl.rs:66:5] &caller.to_eth_address() = 0xdeaddeaddeaddeaddeaddeaddeaddeaddead0001
[moved/src/move_execution/deposited.rs:109:5] &outcome = Ok(
    SerializedReturnValues {
        mutable_reference_outputs: [],
        return_values: [
            (
                [
                    1,
                    0,
                    0,
                ],
                Struct(
                    Runtime(
                        [
                            Bool,
                            Vector(
                                U8,
                            ),
                            Vector(
                                Struct(
                                    Runtime(
                                        [
                                            Address,
                                            Vector(
                                                U256,
                                            ),
                                            Vector(
                                                U8,
                                            ),
                                        ],
                                    ),
                                ),
                            ),
                        ],
                    ),
                ),
            ),
        ],
    },
)
[moved/src/move_execution/deposited.rs:112:9] &evm_outcome = EvmNativeOutcome {
    is_success: true,
    output: [],
    logs: [],
}
in mint params func
[moved/src/move_execution/deposited.rs:117:9] &mint_params = None
found empty mint params. logs: []
in deposited
[moved/src/move_execution/deposited.rs:52:5] &input.tx_hash = 0xedcb039b0a9706e4f2b8b91410208ea236d6b352fe54573d5bf4451f017138d1
[moved/src/move_execution/deposited.rs:53:5] &input.block_header = HeaderForExecution {
    number: 43,
    timestamp: 1741007220,
    prev_randao: 0xfe746a827428ea7171717e7dccea87d6ceff94b2255a261c86ddbabf992ac3da,
}
in deposited: tx data yes
[moved/src/move_execution/deposited.rs:98:5] &input.tx.data = 0x440a5e2000022950000c5f4f00000000000000000000000067c5a974000000000000004b000000000000000000000000000000000000000000000000000000000000f90b0000000000000000000000000000000000000000000000000000000000000001edbda89abd27a978d5869ba027243b1e3d27576f233dc27db3ebbf9cb14ec5b50000000000000000000000008c67a7b8624044f8f672e9ec374dfa596f01afb9
[evm-ext/src/native_impl.rs:65:5] &caller = 000000000000000000000000deaddeaddeaddeaddeaddeaddeaddeaddead0001
[evm-ext/src/native_impl.rs:66:5] &caller.to_eth_address() = 0xdeaddeaddeaddeaddeaddeaddeaddeaddead0001
[moved/src/move_execution/deposited.rs:109:5] &outcome = Ok(
    SerializedReturnValues {
        mutable_reference_outputs: [],
        return_values: [
            (
                [
                    1,
                    0,
                    0,
                ],
                Struct(
                    Runtime(
                        [
                            Bool,
                            Vector(
                                U8,
                            ),
                            Vector(
                                Struct(
                                    Runtime(
                                        [
                                            Address,
                                            Vector(
                                                U256,
                                            ),
                                            Vector(
                                                U8,
                                            ),
                                        ],
                                    ),
                                ),
                            ),
                        ],
                    ),
                ),
            ),
        ],
    },
)
[moved/src/move_execution/deposited.rs:112:9] &evm_outcome = EvmNativeOutcome {
    is_success: true,
    output: [],
    logs: [],
}
in mint params func
[moved/src/move_execution/deposited.rs:117:9] &mint_params = None
found empty mint params. logs: []
in deposited
[moved/src/move_execution/deposited.rs:52:5] &input.tx_hash = 0x553873a994534a90db27098352a7db786238394bb540c10e16275d2cc99ff72a
[moved/src/move_execution/deposited.rs:53:5] &input.block_header = HeaderForExecution {
    number: 44,
    timestamp: 1741007221,
    prev_randao: 0x9472c70eb8a2c147d2d7b1ac8ba1753e6a0410099b927fb90c4eb1a5ef13af98,
}
in deposited: tx data yes
[moved/src/move_execution/deposited.rs:98:5] &input.tx.data = 0x440a5e2000022950000c5f4f00000000000000000000000067c5a975000000000000004c000000000000000000000000000000000000000000000000000000000000da0f00000000000000000000000000000000000000000000000000000000000000013f22abb4b75d88b9b9b95e07e0f1639a8c62980a03803a61b662ac73cb4c8d4f0000000000000000000000008c67a7b8624044f8f672e9ec374dfa596f01afb9
[evm-ext/src/native_impl.rs:65:5] &caller = 000000000000000000000000deaddeaddeaddeaddeaddeaddeaddeaddead0001
[evm-ext/src/native_impl.rs:66:5] &caller.to_eth_address() = 0xdeaddeaddeaddeaddeaddeaddeaddeaddead0001
[moved/src/move_execution/deposited.rs:109:5] &outcome = Ok(
    SerializedReturnValues {
        mutable_reference_outputs: [],
        return_values: [
            (
                [
                    1,
                    0,
                    0,
                ],
                Struct(
                    Runtime(
                        [
                            Bool,
                            Vector(
                                U8,
                            ),
                            Vector(
                                Struct(
                                    Runtime(
                                        [
                                            Address,
                                            Vector(
                                                U256,
                                            ),
                                            Vector(
                                                U8,
                                            ),
                                        ],
                                    ),
                                ),
                            ),
                        ],
                    ),
                ),
            ),
        ],
    },
)
[moved/src/move_execution/deposited.rs:112:9] &evm_outcome = EvmNativeOutcome {
    is_success: true,
    output: [],
    logs: [],
}
in mint params func
[moved/src/move_execution/deposited.rs:117:9] &mint_params = None
found empty mint params. logs: []
in deposited
[moved/src/move_execution/deposited.rs:52:5] &input.tx_hash = 0x890b427e2ab2aa4320f1bf095103368020e97c76b3a168aa9c53f34d1c2604c2
[moved/src/move_execution/deposited.rs:53:5] &input.block_header = HeaderForExecution {
    number: 45,
    timestamp: 1741007222,
    prev_randao: 0x62e819eb56362d7ad58754697efc243b4d470ab6330fcf3371429e45df0b4ff5,
}
in deposited: tx data yes
[moved/src/move_execution/deposited.rs:98:5] &input.tx.data = 0x440a5e2000022950000c5f4f00000000000000000000000067c5a976000000000000004d000000000000000000000000000000000000000000000000000000000000c78e0000000000000000000000000000000000000000000000000000000000000001c399c14557017a52e74d3ea80c5f740941360eeb5f47d23d6b9d21412128f47a0000000000000000000000008c67a7b8624044f8f672e9ec374dfa596f01afb9
[evm-ext/src/native_impl.rs:65:5] &caller = 000000000000000000000000deaddeaddeaddeaddeaddeaddeaddeaddead0001
[evm-ext/src/native_impl.rs:66:5] &caller.to_eth_address() = 0xdeaddeaddeaddeaddeaddeaddeaddeaddead0001
[moved/src/move_execution/deposited.rs:109:5] &outcome = Ok(
    SerializedReturnValues {
        mutable_reference_outputs: [],
        return_values: [
            (
                [
                    1,
                    0,
                    0,
                ],
                Struct(
                    Runtime(
                        [
                            Bool,
                            Vector(
                                U8,
                            ),
                            Vector(
                                Struct(
                                    Runtime(
                                        [
                                            Address,
                                            Vector(
                                                U256,
                                            ),
                                            Vector(
                                                U8,
                                            ),
                                        ],
                                    ),
                                ),
                            ),
                        ],
                    ),
                ),
            ),
        ],
    },
)
[moved/src/move_execution/deposited.rs:112:9] &evm_outcome = EvmNativeOutcome {
    is_success: true,
    output: [],
    logs: [],
}
in mint params func
[moved/src/move_execution/deposited.rs:117:9] &mint_params = None
found empty mint params. logs: []
in deposited
[moved/src/move_execution/deposited.rs:52:5] &input.tx_hash = 0x6215776cc1622bf1cffddaecab9c72da85b174b6e97df9ba88d01b30846abc87
[moved/src/move_execution/deposited.rs:53:5] &input.block_header = HeaderForExecution {
    number: 46,
    timestamp: 1741007223,
    prev_randao: 0x4cec81cd05a4f8b694202bfdd8c3d7c246a1de653368574f80c2fd8590b4f0b1,
}
in deposited: tx data yes
[moved/src/move_execution/deposited.rs:98:5] &input.tx.data = 0x440a5e2000022950000c5f4f00000000000000000000000067c5a977000000000000004e000000000000000000000000000000000000000000000000000000000000b6390000000000000000000000000000000000000000000000000000000000000001bbc3c33491928c231435708976ab2f54cebf42c4ce39bfb333e7cc62742afd730000000000000000000000008c67a7b8624044f8f672e9ec374dfa596f01afb9
[evm-ext/src/native_impl.rs:65:5] &caller = 000000000000000000000000deaddeaddeaddeaddeaddeaddeaddeaddead0001
[evm-ext/src/native_impl.rs:66:5] &caller.to_eth_address() = 0xdeaddeaddeaddeaddeaddeaddeaddeaddead0001
[moved/src/move_execution/deposited.rs:109:5] &outcome = Ok(
    SerializedReturnValues {
        mutable_reference_outputs: [],
        return_values: [
            (
                [
                    1,
                    0,
                    0,
                ],
                Struct(
                    Runtime(
                        [
                            Bool,
                            Vector(
                                U8,
                            ),
                            Vector(
                                Struct(
                                    Runtime(
                                        [
                                            Address,
                                            Vector(
                                                U256,
                                            ),
                                            Vector(
                                                U8,
                                            ),
                                        ],
                                    ),
                                ),
                            ),
                        ],
                    ),
                ),
            ),
        ],
    },
)
[moved/src/move_execution/deposited.rs:112:9] &evm_outcome = EvmNativeOutcome {
    is_success: true,
    output: [],
    logs: [],
}
in mint params func
[moved/src/move_execution/deposited.rs:117:9] &mint_params = None
found empty mint params. logs: []
in deposited
[moved/src/move_execution/deposited.rs:52:5] &input.tx_hash = 0xc89562ebf537b5188fb4bf5813bfea5b6579344f25162fcf2098c03afde08f17
[moved/src/move_execution/deposited.rs:53:5] &input.block_header = HeaderForExecution {
    number: 47,
    timestamp: 1741007224,
    prev_randao: 0x7b93677e98dabadbcce64970e83cd0ee2444679780ccd7502d139e8a69c18057,
}
in deposited: tx data yes
[moved/src/move_execution/deposited.rs:98:5] &input.tx.data = 0x440a5e2000022950000c5f4f00000000000000000000000067c5a978000000000000004f000000000000000000000000000000000000000000000000000000000000a8b000000000000000000000000000000000000000000000000000000000000000016579c1007042dd4230eec6559dc1f71358241944e96adc69b148f88ec20b4a740000000000000000000000008c67a7b8624044f8f672e9ec374dfa596f01afb9
[evm-ext/src/native_impl.rs:65:5] &caller = 000000000000000000000000deaddeaddeaddeaddeaddeaddeaddeaddead0001
[evm-ext/src/native_impl.rs:66:5] &caller.to_eth_address() = 0xdeaddeaddeaddeaddeaddeaddeaddeaddead0001
[moved/src/move_execution/deposited.rs:109:5] &outcome = Ok(
    SerializedReturnValues {
        mutable_reference_outputs: [],
        return_values: [
            (
                [
                    1,
                    0,
                    0,
                ],
                Struct(
                    Runtime(
                        [
                            Bool,
                            Vector(
                                U8,
                            ),
                            Vector(
                                Struct(
                                    Runtime(
                                        [
                                            Address,
                                            Vector(
                                                U256,
                                            ),
                                            Vector(
                                                U8,
                                            ),
                                        ],
                                    ),
                                ),
                            ),
                        ],
                    ),
                ),
            ),
        ],
    },
)
[moved/src/move_execution/deposited.rs:112:9] &evm_outcome = EvmNativeOutcome {
    is_success: true,
    output: [],
    logs: [],
}
in mint params func
[moved/src/move_execution/deposited.rs:117:9] &mint_params = None
found empty mint params. logs: []
in deposited
[moved/src/move_execution/deposited.rs:52:5] &input.tx_hash = 0xbd1a0eae4aa01d264c6c356788cfe3a91f39b6a3a9c055c8cfcab2c788e85d7f
[moved/src/move_execution/deposited.rs:53:5] &input.block_header = HeaderForExecution {
    number: 48,
    timestamp: 1741007225,
    prev_randao: 0x13b561ce16c6b9893297ce5871c12925c456d6a32f84f665652627e4cfbb0c99,
}
in deposited: tx data yes
[moved/src/move_execution/deposited.rs:98:5] &input.tx.data = 0x440a5e2000022950000c5f4f00000000000000000000000067c5a97900000000000000500000000000000000000000000000000000000000000000000000000000009ce60000000000000000000000000000000000000000000000000000000000000001e3b5fd50e00e9463365ed3b3679fb3a2e28042eacce5faee6d1d91be49b2c2130000000000000000000000008c67a7b8624044f8f672e9ec374dfa596f01afb9
[evm-ext/src/native_impl.rs:65:5] &caller = 000000000000000000000000deaddeaddeaddeaddeaddeaddeaddeaddead0001
[evm-ext/src/native_impl.rs:66:5] &caller.to_eth_address() = 0xdeaddeaddeaddeaddeaddeaddeaddeaddead0001
[moved/src/move_execution/deposited.rs:109:5] &outcome = Ok(
    SerializedReturnValues {
        mutable_reference_outputs: [],
        return_values: [
            (
                [
                    1,
                    0,
                    0,
                ],
                Struct(
                    Runtime(
                        [
                            Bool,
                            Vector(
                                U8,
                            ),
                            Vector(
                                Struct(
                                    Runtime(
                                        [
                                            Address,
                                            Vector(
                                                U256,
                                            ),
                                            Vector(
                                                U8,
                                            ),
                                        ],
                                    ),
                                ),
                            ),
                        ],
                    ),
                ),
            ),
        ],
    },
)
[moved/src/move_execution/deposited.rs:112:9] &evm_outcome = EvmNativeOutcome {
    is_success: true,
    output: [],
    logs: [],
}
in mint params func
[moved/src/move_execution/deposited.rs:117:9] &mint_params = None
found empty mint params. logs: []
in deposited
[moved/src/move_execution/deposited.rs:52:5] &input.tx_hash = 0x9fc99eb2407c4115348b0b6f28f08e950d138e9b1b64e24a7c5791146a28e4fa
[moved/src/move_execution/deposited.rs:53:5] &input.block_header = HeaderForExecution {
    number: 49,
    timestamp: 1741007226,
    prev_randao: 0x1d47dd8f07d16d6ed8a861c3c12dcb334914829ec99f4af736fafc7092b84ea3,
}
in deposited: tx data yes
[moved/src/move_execution/deposited.rs:98:5] &input.tx.data = 0x440a5e2000022950000c5f4f00000000000000000000000067c5a97a00000000000000510000000000000000000000000000000000000000000000000000000000008d1a000000000000000000000000000000000000000000000000000000000000000117b307c86db9dd48faf94c5e87256840b22bf2dfcff15be1dcc257e1262a6f670000000000000000000000008c67a7b8624044f8f672e9ec374dfa596f01afb9
[evm-ext/src/native_impl.rs:65:5] &caller = 000000000000000000000000deaddeaddeaddeaddeaddeaddeaddeaddead0001
[evm-ext/src/native_impl.rs:66:5] &caller.to_eth_address() = 0xdeaddeaddeaddeaddeaddeaddeaddeaddead0001
[moved/src/move_execution/deposited.rs:109:5] &outcome = Ok(
    SerializedReturnValues {
        mutable_reference_outputs: [],
        return_values: [
            (
                [
                    1,
                    0,
                    0,
                ],
                Struct(
                    Runtime(
                        [
                            Bool,
                            Vector(
                                U8,
                            ),
                            Vector(
                                Struct(
                                    Runtime(
                                        [
                                            Address,
                                            Vector(
                                                U256,
                                            ),
                                            Vector(
                                                U8,
                                            ),
                                        ],
                                    ),
                                ),
                            ),
                        ],
                    ),
                ),
            ),
        ],
    },
)
[moved/src/move_execution/deposited.rs:112:9] &evm_outcome = EvmNativeOutcome {
    is_success: true,
    output: [],
    logs: [],
}
in mint params func
[moved/src/move_execution/deposited.rs:117:9] &mint_params = None
found empty mint params. logs: []
in deposited
[moved/src/move_execution/deposited.rs:52:5] &input.tx_hash = 0xa554ae0798bc95e6ac83e8235683e57cea2ca395a14c2d186527a449dd1c24a7
[moved/src/move_execution/deposited.rs:53:5] &input.block_header = HeaderForExecution {
    number: 50,
    timestamp: 1741007227,
    prev_randao: 0x21cfde1e940eedb22916929a41cd65b58e21752cfe110e32405d13a152b5706d,
}
in deposited: tx data yes
[moved/src/move_execution/deposited.rs:98:5] &input.tx.data = 0x440a5e2000022950000c5f4f00000000000000000000000067c5a97b0000000000000052000000000000000000000000000000000000000000000000000000000000897b0000000000000000000000000000000000000000000000000000000000000001beeee23df3fa93828ef06eeebb3f8a027d001ee97c7ca4e90a6464bea7b4bc120000000000000000000000008c67a7b8624044f8f672e9ec374dfa596f01afb9
[server/src/tests/integration.rs:638:5] &l1_token_address = 0x516c449831d61c84b8d3d7631ad3d0872612c46f
[server/src/tests/integration.rs:639:5] &bridge_address = 0xc8088d0362bb4ac757ca77e211c30503d39cef48
[server/src/tests/integration.rs:642:5] &factory_address = 0x4200000000000000000000000000000000000012
[server/src/tests/integration.rs:659:5] &tx = TransactionRequest {
    from: None,
    to: Some(
        Call(
            0x4200000000000000000000000000000000000012,
        ),
    ),
    gas_price: None,
    max_fee_per_gas: None,
    max_priority_fee_per_gas: None,
    max_fee_per_blob_gas: None,
    gas: None,
    value: None,
    input: TransactionInput {
        input: Some(
            0xce5ac90f000000000000000000000000516c449831d61c84b8d3d7631ad3d0872612c46f000000000000000000000000000000000000000000000000000000000000006000000000000000000000000000000000000000000000000000000000000000a00000000000000000000000000000000000000000000000000000000000000004476f6c640000000000000000000000000000000000000000000000000000000000000000000000000000000000000000000000000000000000000000000000024155000000000000000000000000000000000000000000000000000000000000,
        ),
        data: None,
    },
    nonce: None,
    chain_id: None,
    access_list: None,
    transaction_type: Some(
        2,
    ),
    blob_versioned_hashes: None,
    sidecar: None,
    authorization_list: None,
}
[evm-ext/src/native_impl.rs:65:5] &caller = 000000000000000000000000deaddeaddeaddeaddeaddeaddeaddeaddead0001
[evm-ext/src/native_impl.rs:66:5] &caller.to_eth_address() = 0xdeaddeaddeaddeaddeaddeaddeaddeaddead0001
[moved/src/move_execution/deposited.rs:109:5] &outcome = Ok(
    SerializedReturnValues {
        mutable_reference_outputs: [],
        return_values: [
            (
                [
                    1,
                    0,
                    0,
                ],
                Struct(
                    Runtime(
                        [
                            Bool,
                            Vector(
                                U8,
                            ),
                            Vector(
                                Struct(
                                    Runtime(
                                        [
                                            Address,
                                            Vector(
                                                U256,
                                            ),
                                            Vector(
                                                U8,
                                            ),
                                        ],
                                    ),
                                ),
                            ),
                        ],
                    ),
                ),
            ),
        ],
    },
)
[moved/src/move_execution/deposited.rs:112:9] &evm_outcome = EvmNativeOutcome {
    is_success: true,
    output: [],
    logs: [],
}
in mint params func
[moved/src/move_execution/deposited.rs:117:9] &mint_params = None
found empty mint params. logs: []
[evm-ext/src/native_impl.rs:65:5] &caller = 000000000000000000000000067d163dcfdb74f0efc0c76b64b47929329146ac
[evm-ext/src/native_impl.rs:66:5] &caller.to_eth_address() = 0x067d163dcfdb74f0efc0c76b64b47929329146ac
in deposited
[moved/src/move_execution/deposited.rs:52:5] &input.tx_hash = 0x99365a0160e4e9b0ab9522b92324938bc5d0d874d96d70a14f121ee211e7e4e7
[moved/src/move_execution/deposited.rs:53:5] &input.block_header = HeaderForExecution {
    number: 51,
    timestamp: 1741007228,
    prev_randao: 0x94dc6a2272946ec04631612a7397726f5908694b70ac52e6a1f13694dba5487a,
}
in deposited: tx data yes
[moved/src/move_execution/deposited.rs:98:5] &input.tx.data = 0x440a5e2000022950000c5f4f00000000000000000000000067c5a97c00000000000000530000000000000000000000000000000000000000000000000000000000007c020000000000000000000000000000000000000000000000000000000000000001a79a069c228d5a42ba758505702a7448419a7c5404a23466fecf1da965819fc60000000000000000000000008c67a7b8624044f8f672e9ec374dfa596f01afb9
[evm-ext/src/native_impl.rs:65:5] &caller = 000000000000000000000000deaddeaddeaddeaddeaddeaddeaddeaddead0001
[evm-ext/src/native_impl.rs:66:5] &caller.to_eth_address() = 0xdeaddeaddeaddeaddeaddeaddeaddeaddead0001
[moved/src/move_execution/deposited.rs:109:5] &outcome = Ok(
    SerializedReturnValues {
        mutable_reference_outputs: [],
        return_values: [
            (
                [
                    1,
                    0,
                    0,
                ],
                Struct(
                    Runtime(
                        [
                            Bool,
                            Vector(
                                U8,
                            ),
                            Vector(
                                Struct(
                                    Runtime(
                                        [
                                            Address,
                                            Vector(
                                                U256,
                                            ),
                                            Vector(
                                                U8,
                                            ),
                                        ],
                                    ),
                                ),
                            ),
                        ],
                    ),
                ),
            ),
        ],
    },
)
[moved/src/move_execution/deposited.rs:112:9] &evm_outcome = EvmNativeOutcome {
    is_success: true,
    output: [],
    logs: [],
}
in mint params func
[moved/src/move_execution/deposited.rs:117:9] &mint_params = None
found empty mint params. logs: []
thread 'tests::integration::test_on_ethereum' panicked at /home/ilchu/.cargo/registry/src/index.crates.io-6f17d22bba15001f/tokio-1.41.1/src/runtime/blocking/shutdown.rs:51:21:
Cannot drop a runtime in a context where blocking is not allowed. This happens when a runtime is dropped from within an asynchronous context.
note: run with `RUST_BACKTRACE=1` environment variable to display a backtrace
error: test failed, to rerun pass `-p moved-server --lib`
